c
c === CONSTRAINT GENERATION ===
c
c --- (1a) Initial assignment ---
c [1a] x(4,4,1)
c [1a] x(4,5,5)
c [1a] x(5,4,5)
c [1a] x(5,5,5)
c --- (1b) Existence / (1c) Uniqueness ---
c --- (1d) Border walls (BLACK at borders) ---
c [1d-border-top] x(1,1,6)
c [1d-border-top] x(1,2,6)
c [1d-border-top] x(1,3,6)
c [1d-border-top] x(1,4,6)
c [1d-border-top] x(1,5,6)
c [1d-border-top] x(1,6,6)
c [1d-border-top] x(1,7,6)
c [1d-border-top] x(1,8,6)
c [1d-border-bottom] x(8,1,6)
c [1d-border-bottom] x(8,2,6)
c [1d-border-bottom] x(8,3,6)
c [1d-border-bottom] x(8,4,6)
c [1d-border-bottom] x(8,5,6)
c [1d-border-bottom] x(8,6,6)
c [1d-border-bottom] x(8,7,6)
c [1d-border-bottom] x(8,8,6)
c [1d-border-left] x(2,1,6)
c [1d-border-left] x(3,1,6)
c [1d-border-left] x(4,1,6)
c [1d-border-left] x(5,1,6)
c [1d-border-left] x(6,1,6)
c [1d-border-left] x(7,1,6)
c [1d-border-right] x(2,8,6)
c [1d-border-right] x(3,8,6)
c [1d-border-right] x(4,8,6)
c [1d-border-right] x(5,8,6)
c [1d-border-right] x(6,8,6)
c [1d-border-right] x(7,8,6)
c --- (2) Diagonal constraints (Fig 2) ---
c [2a-diag] -x(1,1,1) -x(1,2,3)
c [2a-diag] -x(1,2,1) -x(1,3,3)
c [2a-diag] -x(1,3,1) -x(1,4,3)
c [2a-diag] -x(1,4,1) -x(1,5,3)
c [2a-diag] -x(1,5,1) -x(1,6,3)
c [2a-diag] -x(1,6,1) -x(1,7,3)
c [2a-diag] -x(1,7,1) -x(1,8,3)
c [2a-diag] -x(2,1,1) -x(2,2,3)
c [2a-diag] -x(2,2,1) -x(2,3,3)
c [2a-diag] -x(2,3,1) -x(2,4,3)
c [2a-diag] -x(2,4,1) -x(2,5,3)
c [2a-diag] -x(2,5,1) -x(2,6,3)
c [2a-diag] -x(2,6,1) -x(2,7,3)
c [2a-diag] -x(2,7,1) -x(2,8,3)
c [2a-diag] -x(3,1,1) -x(3,2,3)
c [2a-diag] -x(3,2,1) -x(3,3,3)
c [2a-diag] -x(3,3,1) -x(3,4,3)
c [2a-diag] -x(3,4,1) -x(3,5,3)
c [2a-diag] -x(3,5,1) -x(3,6,3)
c [2a-diag] -x(3,6,1) -x(3,7,3)
c [2a-diag] -x(3,7,1) -x(3,8,3)
c [2a-diag] -x(4,1,1) -x(4,2,3)
c [2a-diag] -x(4,2,1) -x(4,3,3)
c [2a-diag] -x(4,3,1) -x(4,4,3)
c [2a-diag] -x(4,4,1) -x(4,5,3)
c [2a-diag] -x(4,5,1) -x(4,6,3)
c [2a-diag] -x(4,6,1) -x(4,7,3)
c [2a-diag] -x(4,7,1) -x(4,8,3)
c [2a-diag] -x(5,1,1) -x(5,2,3)
c [2a-diag] -x(5,2,1) -x(5,3,3)
c [2a-diag] -x(5,3,1) -x(5,4,3)
c [2a-diag] -x(5,4,1) -x(5,5,3)
c [2a-diag] -x(5,5,1) -x(5,6,3)
c [2a-diag] -x(5,6,1) -x(5,7,3)
c [2a-diag] -x(5,7,1) -x(5,8,3)
c [2a-diag] -x(6,1,1) -x(6,2,3)
c [2a-diag] -x(6,2,1) -x(6,3,3)
c [2a-diag] -x(6,3,1) -x(6,4,3)
c [2a-diag] -x(6,4,1) -x(6,5,3)
c [2a-diag] -x(6,5,1) -x(6,6,3)
c [2a-diag] -x(6,6,1) -x(6,7,3)
c [2a-diag] -x(6,7,1) -x(6,8,3)
c [2a-diag] -x(7,1,1) -x(7,2,3)
c [2a-diag] -x(7,2,1) -x(7,3,3)
c [2a-diag] -x(7,3,1) -x(7,4,3)
c [2a-diag] -x(7,4,1) -x(7,5,3)
c [2a-diag] -x(7,5,1) -x(7,6,3)
c [2a-diag] -x(7,6,1) -x(7,7,3)
c [2a-diag] -x(7,7,1) -x(7,8,3)
c [2a-diag] -x(8,1,1) -x(8,2,3)
c [2a-diag] -x(8,2,1) -x(8,3,3)
c [2a-diag] -x(8,3,1) -x(8,4,3)
c [2a-diag] -x(8,4,1) -x(8,5,3)
c [2a-diag] -x(8,5,1) -x(8,6,3)
c [2a-diag] -x(8,6,1) -x(8,7,3)
c [2a-diag] -x(8,7,1) -x(8,8,3)
c [2b-diag] -x(1,1,4) -x(2,1,2)
c [2b-diag] -x(1,2,4) -x(2,2,2)
c [2b-diag] -x(1,3,4) -x(2,3,2)
c [2b-diag] -x(1,4,4) -x(2,4,2)
c [2b-diag] -x(1,5,4) -x(2,5,2)
c [2b-diag] -x(1,6,4) -x(2,6,2)
c [2b-diag] -x(1,7,4) -x(2,7,2)
c [2b-diag] -x(1,8,4) -x(2,8,2)
c [2b-diag] -x(2,1,4) -x(3,1,2)
c [2b-diag] -x(2,2,4) -x(3,2,2)
c [2b-diag] -x(2,3,4) -x(3,3,2)
c [2b-diag] -x(2,4,4) -x(3,4,2)
c [2b-diag] -x(2,5,4) -x(3,5,2)
c [2b-diag] -x(2,6,4) -x(3,6,2)
c [2b-diag] -x(2,7,4) -x(3,7,2)
c [2b-diag] -x(2,8,4) -x(3,8,2)
c [2b-diag] -x(3,1,4) -x(4,1,2)
c [2b-diag] -x(3,2,4) -x(4,2,2)
c [2b-diag] -x(3,3,4) -x(4,3,2)
c [2b-diag] -x(3,4,4) -x(4,4,2)
c [2b-diag] -x(3,5,4) -x(4,5,2)
c [2b-diag] -x(3,6,4) -x(4,6,2)
c [2b-diag] -x(3,7,4) -x(4,7,2)
c [2b-diag] -x(3,8,4) -x(4,8,2)
c [2b-diag] -x(4,1,4) -x(5,1,2)
c [2b-diag] -x(4,2,4) -x(5,2,2)
c [2b-diag] -x(4,3,4) -x(5,3,2)
c [2b-diag] -x(4,4,4) -x(5,4,2)
c [2b-diag] -x(4,5,4) -x(5,5,2)
c [2b-diag] -x(4,6,4) -x(5,6,2)
c [2b-diag] -x(4,7,4) -x(5,7,2)
c [2b-diag] -x(4,8,4) -x(5,8,2)
c [2b-diag] -x(5,1,4) -x(6,1,2)
c [2b-diag] -x(5,2,4) -x(6,2,2)
c [2b-diag] -x(5,3,4) -x(6,3,2)
c [2b-diag] -x(5,4,4) -x(6,4,2)
c [2b-diag] -x(5,5,4) -x(6,5,2)
c [2b-diag] -x(5,6,4) -x(6,6,2)
c [2b-diag] -x(5,7,4) -x(6,7,2)
c [2b-diag] -x(5,8,4) -x(6,8,2)
c [2b-diag] -x(6,1,4) -x(7,1,2)
c [2b-diag] -x(6,2,4) -x(7,2,2)
c [2b-diag] -x(6,3,4) -x(7,3,2)
c [2b-diag] -x(6,4,4) -x(7,4,2)
c [2b-diag] -x(6,5,4) -x(7,5,2)
c [2b-diag] -x(6,6,4) -x(7,6,2)
c [2b-diag] -x(6,7,4) -x(7,7,2)
c [2b-diag] -x(6,8,4) -x(7,8,2)
c [2b-diag] -x(7,1,4) -x(8,1,2)
c [2b-diag] -x(7,2,4) -x(8,2,2)
c [2b-diag] -x(7,3,4) -x(8,3,2)
c [2b-diag] -x(7,4,4) -x(8,4,2)
c [2b-diag] -x(7,5,4) -x(8,5,2)
c [2b-diag] -x(7,6,4) -x(8,6,2)
c [2b-diag] -x(7,7,4) -x(8,7,2)
c [2b-diag] -x(7,8,4) -x(8,8,2)
c [2c-diag] -x(1,1,1) -x(2,1,3)
c [2c-diag] -x(1,2,1) -x(2,2,3)
c [2c-diag] -x(1,3,1) -x(2,3,3)
c [2c-diag] -x(1,4,1) -x(2,4,3)
c [2c-diag] -x(1,5,1) -x(2,5,3)
c [2c-diag] -x(1,6,1) -x(2,6,3)
c [2c-diag] -x(1,7,1) -x(2,7,3)
c [2c-diag] -x(1,8,1) -x(2,8,3)
c [2c-diag] -x(2,1,1) -x(3,1,3)
c [2c-diag] -x(2,2,1) -x(3,2,3)
c [2c-diag] -x(2,3,1) -x(3,3,3)
c [2c-diag] -x(2,4,1) -x(3,4,3)
c [2c-diag] -x(2,5,1) -x(3,5,3)
c [2c-diag] -x(2,6,1) -x(3,6,3)
c [2c-diag] -x(2,7,1) -x(3,7,3)
c [2c-diag] -x(2,8,1) -x(3,8,3)
c [2c-diag] -x(3,1,1) -x(4,1,3)
c [2c-diag] -x(3,2,1) -x(4,2,3)
c [2c-diag] -x(3,3,1) -x(4,3,3)
c [2c-diag] -x(3,4,1) -x(4,4,3)
c [2c-diag] -x(3,5,1) -x(4,5,3)
c [2c-diag] -x(3,6,1) -x(4,6,3)
c [2c-diag] -x(3,7,1) -x(4,7,3)
c [2c-diag] -x(3,8,1) -x(4,8,3)
c [2c-diag] -x(4,1,1) -x(5,1,3)
c [2c-diag] -x(4,2,1) -x(5,2,3)
c [2c-diag] -x(4,3,1) -x(5,3,3)
c [2c-diag] -x(4,4,1) -x(5,4,3)
c [2c-diag] -x(4,5,1) -x(5,5,3)
c [2c-diag] -x(4,6,1) -x(5,6,3)
c [2c-diag] -x(4,7,1) -x(5,7,3)
c [2c-diag] -x(4,8,1) -x(5,8,3)
c [2c-diag] -x(5,1,1) -x(6,1,3)
c [2c-diag] -x(5,2,1) -x(6,2,3)
c [2c-diag] -x(5,3,1) -x(6,3,3)
c [2c-diag] -x(5,4,1) -x(6,4,3)
c [2c-diag] -x(5,5,1) -x(6,5,3)
c [2c-diag] -x(5,6,1) -x(6,6,3)
c [2c-diag] -x(5,7,1) -x(6,7,3)
c [2c-diag] -x(5,8,1) -x(6,8,3)
c [2c-diag] -x(6,1,1) -x(7,1,3)
c [2c-diag] -x(6,2,1) -x(7,2,3)
c [2c-diag] -x(6,3,1) -x(7,3,3)
c [2c-diag] -x(6,4,1) -x(7,4,3)
c [2c-diag] -x(6,5,1) -x(7,5,3)
c [2c-diag] -x(6,6,1) -x(7,6,3)
c [2c-diag] -x(6,7,1) -x(7,7,3)
c [2c-diag] -x(6,8,1) -x(7,8,3)
c [2c-diag] -x(7,1,1) -x(8,1,3)
c [2c-diag] -x(7,2,1) -x(8,2,3)
c [2c-diag] -x(7,3,1) -x(8,3,3)
c [2c-diag] -x(7,4,1) -x(8,4,3)
c [2c-diag] -x(7,5,1) -x(8,5,3)
c [2c-diag] -x(7,6,1) -x(8,6,3)
c [2c-diag] -x(7,7,1) -x(8,7,3)
c [2c-diag] -x(7,8,1) -x(8,8,3)
c [2d-diag] -x(1,1,2) -x(1,2,4)
c [2d-diag] -x(1,2,2) -x(1,3,4)
c [2d-diag] -x(1,3,2) -x(1,4,4)
c [2d-diag] -x(1,4,2) -x(1,5,4)
c [2d-diag] -x(1,5,2) -x(1,6,4)
c [2d-diag] -x(1,6,2) -x(1,7,4)
c [2d-diag] -x(1,7,2) -x(1,8,4)
c [2d-diag] -x(2,1,2) -x(2,2,4)
c [2d-diag] -x(2,2,2) -x(2,3,4)
c [2d-diag] -x(2,3,2) -x(2,4,4)
c [2d-diag] -x(2,4,2) -x(2,5,4)
c [2d-diag] -x(2,5,2) -x(2,6,4)
c [2d-diag] -x(2,6,2) -x(2,7,4)
c [2d-diag] -x(2,7,2) -x(2,8,4)
c [2d-diag] -x(3,1,2) -x(3,2,4)
c [2d-diag] -x(3,2,2) -x(3,3,4)
c [2d-diag] -x(3,3,2) -x(3,4,4)
c [2d-diag] -x(3,4,2) -x(3,5,4)
c [2d-diag] -x(3,5,2) -x(3,6,4)
c [2d-diag] -x(3,6,2) -x(3,7,4)
c [2d-diag] -x(3,7,2) -x(3,8,4)
c [2d-diag] -x(4,1,2) -x(4,2,4)
c [2d-diag] -x(4,2,2) -x(4,3,4)
c [2d-diag] -x(4,3,2) -x(4,4,4)
c [2d-diag] -x(4,4,2) -x(4,5,4)
c [2d-diag] -x(4,5,2) -x(4,6,4)
c [2d-diag] -x(4,6,2) -x(4,7,4)
c [2d-diag] -x(4,7,2) -x(4,8,4)
c [2d-diag] -x(5,1,2) -x(5,2,4)
c [2d-diag] -x(5,2,2) -x(5,3,4)
c [2d-diag] -x(5,3,2) -x(5,4,4)
c [2d-diag] -x(5,4,2) -x(5,5,4)
c [2d-diag] -x(5,5,2) -x(5,6,4)
c [2d-diag] -x(5,6,2) -x(5,7,4)
c [2d-diag] -x(5,7,2) -x(5,8,4)
c [2d-diag] -x(6,1,2) -x(6,2,4)
c [2d-diag] -x(6,2,2) -x(6,3,4)
c [2d-diag] -x(6,3,2) -x(6,4,4)
c [2d-diag] -x(6,4,2) -x(6,5,4)
c [2d-diag] -x(6,5,2) -x(6,6,4)
c [2d-diag] -x(6,6,2) -x(6,7,4)
c [2d-diag] -x(6,7,2) -x(6,8,4)
c [2d-diag] -x(7,1,2) -x(7,2,4)
c [2d-diag] -x(7,2,2) -x(7,3,4)
c [2d-diag] -x(7,3,2) -x(7,4,4)
c [2d-diag] -x(7,4,2) -x(7,5,4)
c [2d-diag] -x(7,5,2) -x(7,6,4)
c [2d-diag] -x(7,6,2) -x(7,7,4)
c [2d-diag] -x(7,7,2) -x(7,8,4)
c [2d-diag] -x(8,1,2) -x(8,2,4)
c [2d-diag] -x(8,2,2) -x(8,3,4)
c [2d-diag] -x(8,3,2) -x(8,4,4)
c [2d-diag] -x(8,4,2) -x(8,5,4)
c [2d-diag] -x(8,5,2) -x(8,6,4)
c [2d-diag] -x(8,6,2) -x(8,7,4)
c [2d-diag] -x(8,7,2) -x(8,8,4)
c --- (3) Implication constraints (Fig 3) ---
c [3a] -x(1,1,1) x(2,2,5) x(2,2,3)
c [3a] -x(1,2,1) x(2,3,5) x(2,3,3)
c [3a] -x(1,3,1) x(2,4,5) x(2,4,3)
c [3a] -x(1,4,1) x(2,5,5) x(2,5,3)
c [3a] -x(1,5,1) x(2,6,5) x(2,6,3)
c [3a] -x(1,6,1) x(2,7,5) x(2,7,3)
c [3a] -x(1,7,1) x(2,8,5) x(2,8,3)
c [3a] -x(2,1,1) x(3,2,5) x(3,2,3)
c [3a] -x(2,2,1) x(3,3,5) x(3,3,3)
c [3a] -x(2,3,1) x(3,4,5) x(3,4,3)
c [3a] -x(2,4,1) x(3,5,5) x(3,5,3)
c [3a] -x(2,5,1) x(3,6,5) x(3,6,3)
c [3a] -x(2,6,1) x(3,7,5) x(3,7,3)
c [3a] -x(2,7,1) x(3,8,5) x(3,8,3)
c [3a] -x(3,1,1) x(4,2,5) x(4,2,3)
c [3a] -x(3,2,1) x(4,3,5) x(4,3,3)
c [3a] -x(3,3,1) x(4,4,5) x(4,4,3)
c [3a] -x(3,4,1) x(4,5,5) x(4,5,3)
c [3a] -x(3,5,1) x(4,6,5) x(4,6,3)
c [3a] -x(3,6,1) x(4,7,5) x(4,7,3)
c [3a] -x(3,7,1) x(4,8,5) x(4,8,3)
c [3a] -x(4,1,1) x(5,2,5) x(5,2,3)
c [3a] -x(4,2,1) x(5,3,5) x(5,3,3)
c [3a] -x(4,3,1) x(5,4,5) x(5,4,3)
c [3a] -x(4,4,1) x(5,5,5) x(5,5,3)
c [3a] -x(4,5,1) x(5,6,5) x(5,6,3)
c [3a] -x(4,6,1) x(5,7,5) x(5,7,3)
c [3a] -x(4,7,1) x(5,8,5) x(5,8,3)
c [3a] -x(5,1,1) x(6,2,5) x(6,2,3)
c [3a] -x(5,2,1) x(6,3,5) x(6,3,3)
c [3a] -x(5,3,1) x(6,4,5) x(6,4,3)
c [3a] -x(5,4,1) x(6,5,5) x(6,5,3)
c [3a] -x(5,5,1) x(6,6,5) x(6,6,3)
c [3a] -x(5,6,1) x(6,7,5) x(6,7,3)
c [3a] -x(5,7,1) x(6,8,5) x(6,8,3)
c [3a] -x(6,1,1) x(7,2,5) x(7,2,3)
c [3a] -x(6,2,1) x(7,3,5) x(7,3,3)
c [3a] -x(6,3,1) x(7,4,5) x(7,4,3)
c [3a] -x(6,4,1) x(7,5,5) x(7,5,3)
c [3a] -x(6,5,1) x(7,6,5) x(7,6,3)
c [3a] -x(6,6,1) x(7,7,5) x(7,7,3)
c [3a] -x(6,7,1) x(7,8,5) x(7,8,3)
c [3a] -x(7,1,1) x(8,2,5) x(8,2,3)
c [3a] -x(7,2,1) x(8,3,5) x(8,3,3)
c [3a] -x(7,3,1) x(8,4,5) x(8,4,3)
c [3a] -x(7,4,1) x(8,5,5) x(8,5,3)
c [3a] -x(7,5,1) x(8,6,5) x(8,6,3)
c [3a] -x(7,6,1) x(8,7,5) x(8,7,3)
c [3a] -x(7,7,1) x(8,8,5) x(8,8,3)
c [3b] -x(2,1,2) x(1,2,5) x(1,2,4)
c [3b] -x(2,2,2) x(1,3,5) x(1,3,4)
c [3b] -x(2,3,2) x(1,4,5) x(1,4,4)
c [3b] -x(2,4,2) x(1,5,5) x(1,5,4)
c [3b] -x(2,5,2) x(1,6,5) x(1,6,4)
c [3b] -x(2,6,2) x(1,7,5) x(1,7,4)
c [3b] -x(2,7,2) x(1,8,5) x(1,8,4)
c [3b] -x(3,1,2) x(2,2,5) x(2,2,4)
c [3b] -x(3,2,2) x(2,3,5) x(2,3,4)
c [3b] -x(3,3,2) x(2,4,5) x(2,4,4)
c [3b] -x(3,4,2) x(2,5,5) x(2,5,4)
c [3b] -x(3,5,2) x(2,6,5) x(2,6,4)
c [3b] -x(3,6,2) x(2,7,5) x(2,7,4)
c [3b] -x(3,7,2) x(2,8,5) x(2,8,4)
c [3b] -x(4,1,2) x(3,2,5) x(3,2,4)
c [3b] -x(4,2,2) x(3,3,5) x(3,3,4)
c [3b] -x(4,3,2) x(3,4,5) x(3,4,4)
c [3b] -x(4,4,2) x(3,5,5) x(3,5,4)
c [3b] -x(4,5,2) x(3,6,5) x(3,6,4)
c [3b] -x(4,6,2) x(3,7,5) x(3,7,4)
c [3b] -x(4,7,2) x(3,8,5) x(3,8,4)
c [3b] -x(5,1,2) x(4,2,5) x(4,2,4)
c [3b] -x(5,2,2) x(4,3,5) x(4,3,4)
c [3b] -x(5,3,2) x(4,4,5) x(4,4,4)
c [3b] -x(5,4,2) x(4,5,5) x(4,5,4)
c [3b] -x(5,5,2) x(4,6,5) x(4,6,4)
c [3b] -x(5,6,2) x(4,7,5) x(4,7,4)
c [3b] -x(5,7,2) x(4,8,5) x(4,8,4)
c [3b] -x(6,1,2) x(5,2,5) x(5,2,4)
c [3b] -x(6,2,2) x(5,3,5) x(5,3,4)
c [3b] -x(6,3,2) x(5,4,5) x(5,4,4)
c [3b] -x(6,4,2) x(5,5,5) x(5,5,4)
c [3b] -x(6,5,2) x(5,6,5) x(5,6,4)
c [3b] -x(6,6,2) x(5,7,5) x(5,7,4)
c [3b] -x(6,7,2) x(5,8,5) x(5,8,4)
c [3b] -x(7,1,2) x(6,2,5) x(6,2,4)
c [3b] -x(7,2,2) x(6,3,5) x(6,3,4)
c [3b] -x(7,3,2) x(6,4,5) x(6,4,4)
c [3b] -x(7,4,2) x(6,5,5) x(6,5,4)
c [3b] -x(7,5,2) x(6,6,5) x(6,6,4)
c [3b] -x(7,6,2) x(6,7,5) x(6,7,4)
c [3b] -x(7,7,2) x(6,8,5) x(6,8,4)
c [3b] -x(8,1,2) x(7,2,5) x(7,2,4)
c [3b] -x(8,2,2) x(7,3,5) x(7,3,4)
c [3b] -x(8,3,2) x(7,4,5) x(7,4,4)
c [3b] -x(8,4,2) x(7,5,5) x(7,5,4)
c [3b] -x(8,5,2) x(7,6,5) x(7,6,4)
c [3b] -x(8,6,2) x(7,7,5) x(7,7,4)
c [3b] -x(8,7,2) x(7,8,5) x(7,8,4)
c [3c] -x(2,2,3) x(1,1,5) x(1,1,1)
c [3c] -x(2,3,3) x(1,2,5) x(1,2,1)
c [3c] -x(2,4,3) x(1,3,5) x(1,3,1)
c [3c] -x(2,5,3) x(1,4,5) x(1,4,1)
c [3c] -x(2,6,3) x(1,5,5) x(1,5,1)
c [3c] -x(2,7,3) x(1,6,5) x(1,6,1)
c [3c] -x(2,8,3) x(1,7,5) x(1,7,1)
c [3c] -x(3,2,3) x(2,1,5) x(2,1,1)
c [3c] -x(3,3,3) x(2,2,5) x(2,2,1)
c [3c] -x(3,4,3) x(2,3,5) x(2,3,1)
c [3c] -x(3,5,3) x(2,4,5) x(2,4,1)
c [3c] -x(3,6,3) x(2,5,5) x(2,5,1)
c [3c] -x(3,7,3) x(2,6,5) x(2,6,1)
c [3c] -x(3,8,3) x(2,7,5) x(2,7,1)
c [3c] -x(4,2,3) x(3,1,5) x(3,1,1)
c [3c] -x(4,3,3) x(3,2,5) x(3,2,1)
c [3c] -x(4,4,3) x(3,3,5) x(3,3,1)
c [3c] -x(4,5,3) x(3,4,5) x(3,4,1)
c [3c] -x(4,6,3) x(3,5,5) x(3,5,1)
c [3c] -x(4,7,3) x(3,6,5) x(3,6,1)
c [3c] -x(4,8,3) x(3,7,5) x(3,7,1)
c [3c] -x(5,2,3) x(4,1,5) x(4,1,1)
c [3c] -x(5,3,3) x(4,2,5) x(4,2,1)
c [3c] -x(5,4,3) x(4,3,5) x(4,3,1)
c [3c] -x(5,5,3) x(4,4,5) x(4,4,1)
c [3c] -x(5,6,3) x(4,5,5) x(4,5,1)
c [3c] -x(5,7,3) x(4,6,5) x(4,6,1)
c [3c] -x(5,8,3) x(4,7,5) x(4,7,1)
c [3c] -x(6,2,3) x(5,1,5) x(5,1,1)
c [3c] -x(6,3,3) x(5,2,5) x(5,2,1)
c [3c] -x(6,4,3) x(5,3,5) x(5,3,1)
c [3c] -x(6,5,3) x(5,4,5) x(5,4,1)
c [3c] -x(6,6,3) x(5,5,5) x(5,5,1)
c [3c] -x(6,7,3) x(5,6,5) x(5,6,1)
c [3c] -x(6,8,3) x(5,7,5) x(5,7,1)
c [3c] -x(7,2,3) x(6,1,5) x(6,1,1)
c [3c] -x(7,3,3) x(6,2,5) x(6,2,1)
c [3c] -x(7,4,3) x(6,3,5) x(6,3,1)
c [3c] -x(7,5,3) x(6,4,5) x(6,4,1)
c [3c] -x(7,6,3) x(6,5,5) x(6,5,1)
c [3c] -x(7,7,3) x(6,6,5) x(6,6,1)
c [3c] -x(7,8,3) x(6,7,5) x(6,7,1)
c [3c] -x(8,2,3) x(7,1,5) x(7,1,1)
c [3c] -x(8,3,3) x(7,2,5) x(7,2,1)
c [3c] -x(8,4,3) x(7,3,5) x(7,3,1)
c [3c] -x(8,5,3) x(7,4,5) x(7,4,1)
c [3c] -x(8,6,3) x(7,5,5) x(7,5,1)
c [3c] -x(8,7,3) x(7,6,5) x(7,6,1)
c [3c] -x(8,8,3) x(7,7,5) x(7,7,1)
c [3d] -x(1,2,4) x(2,1,5) x(2,1,2)
c [3d] -x(1,3,4) x(2,2,5) x(2,2,2)
c [3d] -x(1,4,4) x(2,3,5) x(2,3,2)
c [3d] -x(1,5,4) x(2,4,5) x(2,4,2)
c [3d] -x(1,6,4) x(2,5,5) x(2,5,2)
c [3d] -x(1,7,4) x(2,6,5) x(2,6,2)
c [3d] -x(1,8,4) x(2,7,5) x(2,7,2)
c [3d] -x(2,2,4) x(3,1,5) x(3,1,2)
c [3d] -x(2,3,4) x(3,2,5) x(3,2,2)
c [3d] -x(2,4,4) x(3,3,5) x(3,3,2)
c [3d] -x(2,5,4) x(3,4,5) x(3,4,2)
c [3d] -x(2,6,4) x(3,5,5) x(3,5,2)
c [3d] -x(2,7,4) x(3,6,5) x(3,6,2)
c [3d] -x(2,8,4) x(3,7,5) x(3,7,2)
c [3d] -x(3,2,4) x(4,1,5) x(4,1,2)
c [3d] -x(3,3,4) x(4,2,5) x(4,2,2)
c [3d] -x(3,4,4) x(4,3,5) x(4,3,2)
c [3d] -x(3,5,4) x(4,4,5) x(4,4,2)
c [3d] -x(3,6,4) x(4,5,5) x(4,5,2)
c [3d] -x(3,7,4) x(4,6,5) x(4,6,2)
c [3d] -x(3,8,4) x(4,7,5) x(4,7,2)
c [3d] -x(4,2,4) x(5,1,5) x(5,1,2)
c [3d] -x(4,3,4) x(5,2,5) x(5,2,2)
c [3d] -x(4,4,4) x(5,3,5) x(5,3,2)
c [3d] -x(4,5,4) x(5,4,5) x(5,4,2)
c [3d] -x(4,6,4) x(5,5,5) x(5,5,2)
c [3d] -x(4,7,4) x(5,6,5) x(5,6,2)
c [3d] -x(4,8,4) x(5,7,5) x(5,7,2)
c [3d] -x(5,2,4) x(6,1,5) x(6,1,2)
c [3d] -x(5,3,4) x(6,2,5) x(6,2,2)
c [3d] -x(5,4,4) x(6,3,5) x(6,3,2)
c [3d] -x(5,5,4) x(6,4,5) x(6,4,2)
c [3d] -x(5,6,4) x(6,5,5) x(6,5,2)
c [3d] -x(5,7,4) x(6,6,5) x(6,6,2)
c [3d] -x(5,8,4) x(6,7,5) x(6,7,2)
c [3d] -x(6,2,4) x(7,1,5) x(7,1,2)
c [3d] -x(6,3,4) x(7,2,5) x(7,2,2)
c [3d] -x(6,4,4) x(7,3,5) x(7,3,2)
c [3d] -x(6,5,4) x(7,4,5) x(7,4,2)
c [3d] -x(6,6,4) x(7,5,5) x(7,5,2)
c [3d] -x(6,7,4) x(7,6,5) x(7,6,2)
c [3d] -x(6,8,4) x(7,7,5) x(7,7,2)
c [3d] -x(7,2,4) x(8,1,5) x(8,1,2)
c [3d] -x(7,3,4) x(8,2,5) x(8,2,2)
c [3d] -x(7,4,4) x(8,3,5) x(8,3,2)
c [3d] -x(7,5,4) x(8,4,5) x(8,4,2)
c [3d] -x(7,6,4) x(8,5,5) x(8,5,2)
c [3d] -x(7,7,4) x(8,6,5) x(8,6,2)
c [3d] -x(7,8,4) x(8,7,5) x(8,7,2)
c --- (4) Propagation constraints (Fig 4) ---
c [4a] -x(2,1,5) -x(2,2,4) x(1,1,4)
c [4a] -x(2,2,5) -x(2,3,4) x(1,2,4)
c [4a] -x(2,3,5) -x(2,4,4) x(1,3,4)
c [4a] -x(2,4,5) -x(2,5,4) x(1,4,4)
c [4a] -x(2,5,5) -x(2,6,4) x(1,5,4)
c [4a] -x(2,6,5) -x(2,7,4) x(1,6,4)
c [4a] -x(2,7,5) -x(2,8,4) x(1,7,4)
c [4a] -x(3,1,5) -x(3,2,4) x(2,1,4)
c [4a] -x(3,2,5) -x(3,3,4) x(2,2,4)
c [4a] -x(3,3,5) -x(3,4,4) x(2,3,4)
c [4a] -x(3,4,5) -x(3,5,4) x(2,4,4)
c [4a] -x(3,5,5) -x(3,6,4) x(2,5,4)
c [4a] -x(3,6,5) -x(3,7,4) x(2,6,4)
c [4a] -x(3,7,5) -x(3,8,4) x(2,7,4)
c [4a] -x(4,1,5) -x(4,2,4) x(3,1,4)
c [4a] -x(4,2,5) -x(4,3,4) x(3,2,4)
c [4a] -x(4,3,5) -x(4,4,4) x(3,3,4)
c [4a] -x(4,4,5) -x(4,5,4) x(3,4,4)
c [4a] -x(4,5,5) -x(4,6,4) x(3,5,4)
c [4a] -x(4,6,5) -x(4,7,4) x(3,6,4)
c [4a] -x(4,7,5) -x(4,8,4) x(3,7,4)
c [4a] -x(5,1,5) -x(5,2,4) x(4,1,4)
c [4a] -x(5,2,5) -x(5,3,4) x(4,2,4)
c [4a] -x(5,3,5) -x(5,4,4) x(4,3,4)
c [4a] -x(5,4,5) -x(5,5,4) x(4,4,4)
c [4a] -x(5,5,5) -x(5,6,4) x(4,5,4)
c [4a] -x(5,6,5) -x(5,7,4) x(4,6,4)
c [4a] -x(5,7,5) -x(5,8,4) x(4,7,4)
c [4a] -x(6,1,5) -x(6,2,4) x(5,1,4)
c [4a] -x(6,2,5) -x(6,3,4) x(5,2,4)
c [4a] -x(6,3,5) -x(6,4,4) x(5,3,4)
c [4a] -x(6,4,5) -x(6,5,4) x(5,4,4)
c [4a] -x(6,5,5) -x(6,6,4) x(5,5,4)
c [4a] -x(6,6,5) -x(6,7,4) x(5,6,4)
c [4a] -x(6,7,5) -x(6,8,4) x(5,7,4)
c [4a] -x(7,1,5) -x(7,2,4) x(6,1,4)
c [4a] -x(7,2,5) -x(7,3,4) x(6,2,4)
c [4a] -x(7,3,5) -x(7,4,4) x(6,3,4)
c [4a] -x(7,4,5) -x(7,5,4) x(6,4,4)
c [4a] -x(7,5,5) -x(7,6,4) x(6,5,4)
c [4a] -x(7,6,5) -x(7,7,4) x(6,6,4)
c [4a] -x(7,7,5) -x(7,8,4) x(6,7,4)
c [4a] -x(8,1,5) -x(8,2,4) x(7,1,4)
c [4a] -x(8,2,5) -x(8,3,4) x(7,2,4)
c [4a] -x(8,3,5) -x(8,4,4) x(7,3,4)
c [4a] -x(8,4,5) -x(8,5,4) x(7,4,4)
c [4a] -x(8,5,5) -x(8,6,4) x(7,5,4)
c [4a] -x(8,6,5) -x(8,7,4) x(7,6,4)
c [4a] -x(8,7,5) -x(8,8,4) x(7,7,4)
c [4b] -x(1,1,5) -x(2,1,3) x(1,2,3)
c [4c] -x(1,1,2) -x(1,2,5) x(2,2,2)
c [4g] -x(1,1,5) -x(1,2,3) x(2,1,3)
c [4h] -x(1,1,4) -x(2,1,5) x(2,2,4)
c [4b] -x(1,2,5) -x(2,2,3) x(1,3,3)
c [4c] -x(1,2,2) -x(1,3,5) x(2,3,2)
c [4g] -x(1,2,5) -x(1,3,3) x(2,2,3)
c [4h] -x(1,2,4) -x(2,2,5) x(2,3,4)
c [4b] -x(1,3,5) -x(2,3,3) x(1,4,3)
c [4c] -x(1,3,2) -x(1,4,5) x(2,4,2)
c [4g] -x(1,3,5) -x(1,4,3) x(2,3,3)
c [4h] -x(1,3,4) -x(2,3,5) x(2,4,4)
c [4b] -x(1,4,5) -x(2,4,3) x(1,5,3)
c [4c] -x(1,4,2) -x(1,5,5) x(2,5,2)
c [4g] -x(1,4,5) -x(1,5,3) x(2,4,3)
c [4h] -x(1,4,4) -x(2,4,5) x(2,5,4)
c [4b] -x(1,5,5) -x(2,5,3) x(1,6,3)
c [4c] -x(1,5,2) -x(1,6,5) x(2,6,2)
c [4g] -x(1,5,5) -x(1,6,3) x(2,5,3)
c [4h] -x(1,5,4) -x(2,5,5) x(2,6,4)
c [4b] -x(1,6,5) -x(2,6,3) x(1,7,3)
c [4c] -x(1,6,2) -x(1,7,5) x(2,7,2)
c [4g] -x(1,6,5) -x(1,7,3) x(2,6,3)
c [4h] -x(1,6,4) -x(2,6,5) x(2,7,4)
c [4b] -x(1,7,5) -x(2,7,3) x(1,8,3)
c [4c] -x(1,7,2) -x(1,8,5) x(2,8,2)
c [4g] -x(1,7,5) -x(1,8,3) x(2,7,3)
c [4h] -x(1,7,4) -x(2,7,5) x(2,8,4)
c [4b] -x(2,1,5) -x(3,1,3) x(2,2,3)
c [4c] -x(2,1,2) -x(2,2,5) x(3,2,2)
c [4g] -x(2,1,5) -x(2,2,3) x(3,1,3)
c [4h] -x(2,1,4) -x(3,1,5) x(3,2,4)
c [4b] -x(2,2,5) -x(3,2,3) x(2,3,3)
c [4c] -x(2,2,2) -x(2,3,5) x(3,3,2)
c [4g] -x(2,2,5) -x(2,3,3) x(3,2,3)
c [4h] -x(2,2,4) -x(3,2,5) x(3,3,4)
c [4b] -x(2,3,5) -x(3,3,3) x(2,4,3)
c [4c] -x(2,3,2) -x(2,4,5) x(3,4,2)
c [4g] -x(2,3,5) -x(2,4,3) x(3,3,3)
c [4h] -x(2,3,4) -x(3,3,5) x(3,4,4)
c [4b] -x(2,4,5) -x(3,4,3) x(2,5,3)
c [4c] -x(2,4,2) -x(2,5,5) x(3,5,2)
c [4g] -x(2,4,5) -x(2,5,3) x(3,4,3)
c [4h] -x(2,4,4) -x(3,4,5) x(3,5,4)
c [4b] -x(2,5,5) -x(3,5,3) x(2,6,3)
c [4c] -x(2,5,2) -x(2,6,5) x(3,6,2)
c [4g] -x(2,5,5) -x(2,6,3) x(3,5,3)
c [4h] -x(2,5,4) -x(3,5,5) x(3,6,4)
c [4b] -x(2,6,5) -x(3,6,3) x(2,7,3)
c [4c] -x(2,6,2) -x(2,7,5) x(3,7,2)
c [4g] -x(2,6,5) -x(2,7,3) x(3,6,3)
c [4h] -x(2,6,4) -x(3,6,5) x(3,7,4)
c [4b] -x(2,7,5) -x(3,7,3) x(2,8,3)
c [4c] -x(2,7,2) -x(2,8,5) x(3,8,2)
c [4g] -x(2,7,5) -x(2,8,3) x(3,7,3)
c [4h] -x(2,7,4) -x(3,7,5) x(3,8,4)
c [4b] -x(3,1,5) -x(4,1,3) x(3,2,3)
c [4c] -x(3,1,2) -x(3,2,5) x(4,2,2)
c [4g] -x(3,1,5) -x(3,2,3) x(4,1,3)
c [4h] -x(3,1,4) -x(4,1,5) x(4,2,4)
c [4b] -x(3,2,5) -x(4,2,3) x(3,3,3)
c [4c] -x(3,2,2) -x(3,3,5) x(4,3,2)
c [4g] -x(3,2,5) -x(3,3,3) x(4,2,3)
c [4h] -x(3,2,4) -x(4,2,5) x(4,3,4)
c [4b] -x(3,3,5) -x(4,3,3) x(3,4,3)
c [4c] -x(3,3,2) -x(3,4,5) x(4,4,2)
c [4g] -x(3,3,5) -x(3,4,3) x(4,3,3)
c [4h] -x(3,3,4) -x(4,3,5) x(4,4,4)
c [4b] -x(3,4,5) -x(4,4,3) x(3,5,3)
c [4c] -x(3,4,2) -x(3,5,5) x(4,5,2)
c [4g] -x(3,4,5) -x(3,5,3) x(4,4,3)
c [4h] -x(3,4,4) -x(4,4,5) x(4,5,4)
c [4b] -x(3,5,5) -x(4,5,3) x(3,6,3)
c [4c] -x(3,5,2) -x(3,6,5) x(4,6,2)
c [4g] -x(3,5,5) -x(3,6,3) x(4,5,3)
c [4h] -x(3,5,4) -x(4,5,5) x(4,6,4)
c [4b] -x(3,6,5) -x(4,6,3) x(3,7,3)
c [4c] -x(3,6,2) -x(3,7,5) x(4,7,2)
c [4g] -x(3,6,5) -x(3,7,3) x(4,6,3)
c [4h] -x(3,6,4) -x(4,6,5) x(4,7,4)
c [4b] -x(3,7,5) -x(4,7,3) x(3,8,3)
c [4c] -x(3,7,2) -x(3,8,5) x(4,8,2)
c [4g] -x(3,7,5) -x(3,8,3) x(4,7,3)
c [4h] -x(3,7,4) -x(4,7,5) x(4,8,4)
c [4b] -x(4,1,5) -x(5,1,3) x(4,2,3)
c [4c] -x(4,1,2) -x(4,2,5) x(5,2,2)
c [4g] -x(4,1,5) -x(4,2,3) x(5,1,3)
c [4h] -x(4,1,4) -x(5,1,5) x(5,2,4)
c [4b] -x(4,2,5) -x(5,2,3) x(4,3,3)
c [4c] -x(4,2,2) -x(4,3,5) x(5,3,2)
c [4g] -x(4,2,5) -x(4,3,3) x(5,2,3)
c [4h] -x(4,2,4) -x(5,2,5) x(5,3,4)
c [4b] -x(4,3,5) -x(5,3,3) x(4,4,3)
c [4c] -x(4,3,2) -x(4,4,5) x(5,4,2)
c [4g] -x(4,3,5) -x(4,4,3) x(5,3,3)
c [4h] -x(4,3,4) -x(5,3,5) x(5,4,4)
c [4b] -x(4,4,5) -x(5,4,3) x(4,5,3)
c [4c] -x(4,4,2) -x(4,5,5) x(5,5,2)
c [4g] -x(4,4,5) -x(4,5,3) x(5,4,3)
c [4h] -x(4,4,4) -x(5,4,5) x(5,5,4)
c [4b] -x(4,5,5) -x(5,5,3) x(4,6,3)
c [4c] -x(4,5,2) -x(4,6,5) x(5,6,2)
c [4g] -x(4,5,5) -x(4,6,3) x(5,5,3)
c [4h] -x(4,5,4) -x(5,5,5) x(5,6,4)
c [4b] -x(4,6,5) -x(5,6,3) x(4,7,3)
c [4c] -x(4,6,2) -x(4,7,5) x(5,7,2)
c [4g] -x(4,6,5) -x(4,7,3) x(5,6,3)
c [4h] -x(4,6,4) -x(5,6,5) x(5,7,4)
c [4b] -x(4,7,5) -x(5,7,3) x(4,8,3)
c [4c] -x(4,7,2) -x(4,8,5) x(5,8,2)
c [4g] -x(4,7,5) -x(4,8,3) x(5,7,3)
c [4h] -x(4,7,4) -x(5,7,5) x(5,8,4)
c [4b] -x(5,1,5) -x(6,1,3) x(5,2,3)
c [4c] -x(5,1,2) -x(5,2,5) x(6,2,2)
c [4g] -x(5,1,5) -x(5,2,3) x(6,1,3)
c [4h] -x(5,1,4) -x(6,1,5) x(6,2,4)
c [4b] -x(5,2,5) -x(6,2,3) x(5,3,3)
c [4c] -x(5,2,2) -x(5,3,5) x(6,3,2)
c [4g] -x(5,2,5) -x(5,3,3) x(6,2,3)
c [4h] -x(5,2,4) -x(6,2,5) x(6,3,4)
c [4b] -x(5,3,5) -x(6,3,3) x(5,4,3)
c [4c] -x(5,3,2) -x(5,4,5) x(6,4,2)
c [4g] -x(5,3,5) -x(5,4,3) x(6,3,3)
c [4h] -x(5,3,4) -x(6,3,5) x(6,4,4)
c [4b] -x(5,4,5) -x(6,4,3) x(5,5,3)
c [4c] -x(5,4,2) -x(5,5,5) x(6,5,2)
c [4g] -x(5,4,5) -x(5,5,3) x(6,4,3)
c [4h] -x(5,4,4) -x(6,4,5) x(6,5,4)
c [4b] -x(5,5,5) -x(6,5,3) x(5,6,3)
c [4c] -x(5,5,2) -x(5,6,5) x(6,6,2)
c [4g] -x(5,5,5) -x(5,6,3) x(6,5,3)
c [4h] -x(5,5,4) -x(6,5,5) x(6,6,4)
c [4b] -x(5,6,5) -x(6,6,3) x(5,7,3)
c [4c] -x(5,6,2) -x(5,7,5) x(6,7,2)
c [4g] -x(5,6,5) -x(5,7,3) x(6,6,3)
c [4h] -x(5,6,4) -x(6,6,5) x(6,7,4)
c [4b] -x(5,7,5) -x(6,7,3) x(5,8,3)
c [4c] -x(5,7,2) -x(5,8,5) x(6,8,2)
c [4g] -x(5,7,5) -x(5,8,3) x(6,7,3)
c [4h] -x(5,7,4) -x(6,7,5) x(6,8,4)
c [4b] -x(6,1,5) -x(7,1,3) x(6,2,3)
c [4c] -x(6,1,2) -x(6,2,5) x(7,2,2)
c [4g] -x(6,1,5) -x(6,2,3) x(7,1,3)
c [4h] -x(6,1,4) -x(7,1,5) x(7,2,4)
c [4b] -x(6,2,5) -x(7,2,3) x(6,3,3)
c [4c] -x(6,2,2) -x(6,3,5) x(7,3,2)
c [4g] -x(6,2,5) -x(6,3,3) x(7,2,3)
c [4h] -x(6,2,4) -x(7,2,5) x(7,3,4)
c [4b] -x(6,3,5) -x(7,3,3) x(6,4,3)
c [4c] -x(6,3,2) -x(6,4,5) x(7,4,2)
c [4g] -x(6,3,5) -x(6,4,3) x(7,3,3)
c [4h] -x(6,3,4) -x(7,3,5) x(7,4,4)
c [4b] -x(6,4,5) -x(7,4,3) x(6,5,3)
c [4c] -x(6,4,2) -x(6,5,5) x(7,5,2)
c [4g] -x(6,4,5) -x(6,5,3) x(7,4,3)
c [4h] -x(6,4,4) -x(7,4,5) x(7,5,4)
c [4b] -x(6,5,5) -x(7,5,3) x(6,6,3)
c [4c] -x(6,5,2) -x(6,6,5) x(7,6,2)
c [4g] -x(6,5,5) -x(6,6,3) x(7,5,3)
c [4h] -x(6,5,4) -x(7,5,5) x(7,6,4)
c [4b] -x(6,6,5) -x(7,6,3) x(6,7,3)
c [4c] -x(6,6,2) -x(6,7,5) x(7,7,2)
c [4g] -x(6,6,5) -x(6,7,3) x(7,6,3)
c [4h] -x(6,6,4) -x(7,6,5) x(7,7,4)
c [4b] -x(6,7,5) -x(7,7,3) x(6,8,3)
c [4c] -x(6,7,2) -x(6,8,5) x(7,8,2)
c [4g] -x(6,7,5) -x(6,8,3) x(7,7,3)
c [4h] -x(6,7,4) -x(7,7,5) x(7,8,4)
c [4b] -x(7,1,5) -x(8,1,3) x(7,2,3)
c [4c] -x(7,1,2) -x(7,2,5) x(8,2,2)
c [4g] -x(7,1,5) -x(7,2,3) x(8,1,3)
c [4h] -x(7,1,4) -x(8,1,5) x(8,2,4)
c [4b] -x(7,2,5) -x(8,2,3) x(7,3,3)
c [4c] -x(7,2,2) -x(7,3,5) x(8,3,2)
c [4g] -x(7,2,5) -x(7,3,3) x(8,2,3)
c [4h] -x(7,2,4) -x(8,2,5) x(8,3,4)
c [4b] -x(7,3,5) -x(8,3,3) x(7,4,3)
c [4c] -x(7,3,2) -x(7,4,5) x(8,4,2)
c [4g] -x(7,3,5) -x(7,4,3) x(8,3,3)
c [4h] -x(7,3,4) -x(8,3,5) x(8,4,4)
c [4b] -x(7,4,5) -x(8,4,3) x(7,5,3)
c [4c] -x(7,4,2) -x(7,5,5) x(8,5,2)
c [4g] -x(7,4,5) -x(7,5,3) x(8,4,3)
c [4h] -x(7,4,4) -x(8,4,5) x(8,5,4)
c [4b] -x(7,5,5) -x(8,5,3) x(7,6,3)
c [4c] -x(7,5,2) -x(7,6,5) x(8,6,2)
c [4g] -x(7,5,5) -x(7,6,3) x(8,5,3)
c [4h] -x(7,5,4) -x(8,5,5) x(8,6,4)
c [4b] -x(7,6,5) -x(8,6,3) x(7,7,3)
c [4c] -x(7,6,2) -x(7,7,5) x(8,7,2)
c [4g] -x(7,6,5) -x(7,7,3) x(8,6,3)
c [4h] -x(7,6,4) -x(8,6,5) x(8,7,4)
c [4b] -x(7,7,5) -x(8,7,3) x(7,8,3)
c [4c] -x(7,7,2) -x(7,8,5) x(8,8,2)
c [4g] -x(7,7,5) -x(7,8,3) x(8,7,3)
c [4h] -x(7,7,4) -x(8,7,5) x(8,8,4)
c [4d] -x(1,2,1) -x(2,2,5) x(2,1,1)
c [4f] -x(1,2,5) -x(2,2,2) x(1,1,2)
c [4d] -x(1,3,1) -x(2,3,5) x(2,2,1)
c [4f] -x(1,3,5) -x(2,3,2) x(1,2,2)
c [4d] -x(1,4,1) -x(2,4,5) x(2,3,1)
c [4f] -x(1,4,5) -x(2,4,2) x(1,3,2)
c [4d] -x(1,5,1) -x(2,5,5) x(2,4,1)
c [4f] -x(1,5,5) -x(2,5,2) x(1,4,2)
c [4d] -x(1,6,1) -x(2,6,5) x(2,5,1)
c [4f] -x(1,6,5) -x(2,6,2) x(1,5,2)
c [4d] -x(1,7,1) -x(2,7,5) x(2,6,1)
c [4f] -x(1,7,5) -x(2,7,2) x(1,6,2)
c [4d] -x(1,8,1) -x(2,8,5) x(2,7,1)
c [4f] -x(1,8,5) -x(2,8,2) x(1,7,2)
c [4d] -x(2,2,1) -x(3,2,5) x(3,1,1)
c [4f] -x(2,2,5) -x(3,2,2) x(2,1,2)
c [4d] -x(2,3,1) -x(3,3,5) x(3,2,1)
c [4f] -x(2,3,5) -x(3,3,2) x(2,2,2)
c [4d] -x(2,4,1) -x(3,4,5) x(3,3,1)
c [4f] -x(2,4,5) -x(3,4,2) x(2,3,2)
c [4d] -x(2,5,1) -x(3,5,5) x(3,4,1)
c [4f] -x(2,5,5) -x(3,5,2) x(2,4,2)
c [4d] -x(2,6,1) -x(3,6,5) x(3,5,1)
c [4f] -x(2,6,5) -x(3,6,2) x(2,5,2)
c [4d] -x(2,7,1) -x(3,7,5) x(3,6,1)
c [4f] -x(2,7,5) -x(3,7,2) x(2,6,2)
c [4d] -x(2,8,1) -x(3,8,5) x(3,7,1)
c [4f] -x(2,8,5) -x(3,8,2) x(2,7,2)
c [4d] -x(3,2,1) -x(4,2,5) x(4,1,1)
c [4f] -x(3,2,5) -x(4,2,2) x(3,1,2)
c [4d] -x(3,3,1) -x(4,3,5) x(4,2,1)
c [4f] -x(3,3,5) -x(4,3,2) x(3,2,2)
c [4d] -x(3,4,1) -x(4,4,5) x(4,3,1)
c [4f] -x(3,4,5) -x(4,4,2) x(3,3,2)
c [4d] -x(3,5,1) -x(4,5,5) x(4,4,1)
c [4f] -x(3,5,5) -x(4,5,2) x(3,4,2)
c [4d] -x(3,6,1) -x(4,6,5) x(4,5,1)
c [4f] -x(3,6,5) -x(4,6,2) x(3,5,2)
c [4d] -x(3,7,1) -x(4,7,5) x(4,6,1)
c [4f] -x(3,7,5) -x(4,7,2) x(3,6,2)
c [4d] -x(3,8,1) -x(4,8,5) x(4,7,1)
c [4f] -x(3,8,5) -x(4,8,2) x(3,7,2)
c [4d] -x(4,2,1) -x(5,2,5) x(5,1,1)
c [4f] -x(4,2,5) -x(5,2,2) x(4,1,2)
c [4d] -x(4,3,1) -x(5,3,5) x(5,2,1)
c [4f] -x(4,3,5) -x(5,3,2) x(4,2,2)
c [4d] -x(4,4,1) -x(5,4,5) x(5,3,1)
c [4f] -x(4,4,5) -x(5,4,2) x(4,3,2)
c [4d] -x(4,5,1) -x(5,5,5) x(5,4,1)
c [4f] -x(4,5,5) -x(5,5,2) x(4,4,2)
c [4d] -x(4,6,1) -x(5,6,5) x(5,5,1)
c [4f] -x(4,6,5) -x(5,6,2) x(4,5,2)
c [4d] -x(4,7,1) -x(5,7,5) x(5,6,1)
c [4f] -x(4,7,5) -x(5,7,2) x(4,6,2)
c [4d] -x(4,8,1) -x(5,8,5) x(5,7,1)
c [4f] -x(4,8,5) -x(5,8,2) x(4,7,2)
c [4d] -x(5,2,1) -x(6,2,5) x(6,1,1)
c [4f] -x(5,2,5) -x(6,2,2) x(5,1,2)
c [4d] -x(5,3,1) -x(6,3,5) x(6,2,1)
c [4f] -x(5,3,5) -x(6,3,2) x(5,2,2)
c [4d] -x(5,4,1) -x(6,4,5) x(6,3,1)
c [4f] -x(5,4,5) -x(6,4,2) x(5,3,2)
c [4d] -x(5,5,1) -x(6,5,5) x(6,4,1)
c [4f] -x(5,5,5) -x(6,5,2) x(5,4,2)
c [4d] -x(5,6,1) -x(6,6,5) x(6,5,1)
c [4f] -x(5,6,5) -x(6,6,2) x(5,5,2)
c [4d] -x(5,7,1) -x(6,7,5) x(6,6,1)
c [4f] -x(5,7,5) -x(6,7,2) x(5,6,2)
c [4d] -x(5,8,1) -x(6,8,5) x(6,7,1)
c [4f] -x(5,8,5) -x(6,8,2) x(5,7,2)
c [4d] -x(6,2,1) -x(7,2,5) x(7,1,1)
c [4f] -x(6,2,5) -x(7,2,2) x(6,1,2)
c [4d] -x(6,3,1) -x(7,3,5) x(7,2,1)
c [4f] -x(6,3,5) -x(7,3,2) x(6,2,2)
c [4d] -x(6,4,1) -x(7,4,5) x(7,3,1)
c [4f] -x(6,4,5) -x(7,4,2) x(6,3,2)
c [4d] -x(6,5,1) -x(7,5,5) x(7,4,1)
c [4f] -x(6,5,5) -x(7,5,2) x(6,4,2)
c [4d] -x(6,6,1) -x(7,6,5) x(7,5,1)
c [4f] -x(6,6,5) -x(7,6,2) x(6,5,2)
c [4d] -x(6,7,1) -x(7,7,5) x(7,6,1)
c [4f] -x(6,7,5) -x(7,7,2) x(6,6,2)
c [4d] -x(6,8,1) -x(7,8,5) x(7,7,1)
c [4f] -x(6,8,5) -x(7,8,2) x(6,7,2)
c [4d] -x(7,2,1) -x(8,2,5) x(8,1,1)
c [4f] -x(7,2,5) -x(8,2,2) x(7,1,2)
c [4d] -x(7,3,1) -x(8,3,5) x(8,2,1)
c [4f] -x(7,3,5) -x(8,3,2) x(7,2,2)
c [4d] -x(7,4,1) -x(8,4,5) x(8,3,1)
c [4f] -x(7,4,5) -x(8,4,2) x(7,3,2)
c [4d] -x(7,5,1) -x(8,5,5) x(8,4,1)
c [4f] -x(7,5,5) -x(8,5,2) x(7,4,2)
c [4d] -x(7,6,1) -x(8,6,5) x(8,5,1)
c [4f] -x(7,6,5) -x(8,6,2) x(7,5,2)
c [4d] -x(7,7,1) -x(8,7,5) x(8,6,1)
c [4f] -x(7,7,5) -x(8,7,2) x(7,6,2)
c [4d] -x(7,8,1) -x(8,8,5) x(8,7,1)
c [4f] -x(7,8,5) -x(8,8,2) x(7,7,2)
c [4e] -x(2,1,1) -x(2,2,5) x(1,2,1)
c [4e] -x(2,2,1) -x(2,3,5) x(1,3,1)
c [4e] -x(2,3,1) -x(2,4,5) x(1,4,1)
c [4e] -x(2,4,1) -x(2,5,5) x(1,5,1)
c [4e] -x(2,5,1) -x(2,6,5) x(1,6,1)
c [4e] -x(2,6,1) -x(2,7,5) x(1,7,1)
c [4e] -x(2,7,1) -x(2,8,5) x(1,8,1)
c [4e] -x(3,1,1) -x(3,2,5) x(2,2,1)
c [4e] -x(3,2,1) -x(3,3,5) x(2,3,1)
c [4e] -x(3,3,1) -x(3,4,5) x(2,4,1)
c [4e] -x(3,4,1) -x(3,5,5) x(2,5,1)
c [4e] -x(3,5,1) -x(3,6,5) x(2,6,1)
c [4e] -x(3,6,1) -x(3,7,5) x(2,7,1)
c [4e] -x(3,7,1) -x(3,8,5) x(2,8,1)
c [4e] -x(4,1,1) -x(4,2,5) x(3,2,1)
c [4e] -x(4,2,1) -x(4,3,5) x(3,3,1)
c [4e] -x(4,3,1) -x(4,4,5) x(3,4,1)
c [4e] -x(4,4,1) -x(4,5,5) x(3,5,1)
c [4e] -x(4,5,1) -x(4,6,5) x(3,6,1)
c [4e] -x(4,6,1) -x(4,7,5) x(3,7,1)
c [4e] -x(4,7,1) -x(4,8,5) x(3,8,1)
c [4e] -x(5,1,1) -x(5,2,5) x(4,2,1)
c [4e] -x(5,2,1) -x(5,3,5) x(4,3,1)
c [4e] -x(5,3,1) -x(5,4,5) x(4,4,1)
c [4e] -x(5,4,1) -x(5,5,5) x(4,5,1)
c [4e] -x(5,5,1) -x(5,6,5) x(4,6,1)
c [4e] -x(5,6,1) -x(5,7,5) x(4,7,1)
c [4e] -x(5,7,1) -x(5,8,5) x(4,8,1)
c [4e] -x(6,1,1) -x(6,2,5) x(5,2,1)
c [4e] -x(6,2,1) -x(6,3,5) x(5,3,1)
c [4e] -x(6,3,1) -x(6,4,5) x(5,4,1)
c [4e] -x(6,4,1) -x(6,5,5) x(5,5,1)
c [4e] -x(6,5,1) -x(6,6,5) x(5,6,1)
c [4e] -x(6,6,1) -x(6,7,5) x(5,7,1)
c [4e] -x(6,7,1) -x(6,8,5) x(5,8,1)
c [4e] -x(7,1,1) -x(7,2,5) x(6,2,1)
c [4e] -x(7,2,1) -x(7,3,5) x(6,3,1)
c [4e] -x(7,3,1) -x(7,4,5) x(6,4,1)
c [4e] -x(7,4,1) -x(7,5,5) x(6,5,1)
c [4e] -x(7,5,1) -x(7,6,5) x(6,6,1)
c [4e] -x(7,6,1) -x(7,7,5) x(6,7,1)
c [4e] -x(7,7,1) -x(7,8,5) x(6,8,1)
c [4e] -x(8,1,1) -x(8,2,5) x(7,2,1)
c [4e] -x(8,2,1) -x(8,3,5) x(7,3,1)
c [4e] -x(8,3,1) -x(8,4,5) x(7,4,1)
c [4e] -x(8,4,1) -x(8,5,5) x(7,5,1)
c [4e] -x(8,5,1) -x(8,6,5) x(7,6,1)
c [4e] -x(8,6,1) -x(8,7,5) x(7,7,1)
c [4e] -x(8,7,1) -x(8,8,5) x(7,8,1)
c --- (5) L-shape constraints (Fig 5) ---
c [5a] -x(1,1,5) -x(1,2,5) -x(2,1,5) x(2,2,5) x(2,2,3)
c [5b] -x(1,1,5) -x(1,2,5) -x(2,2,5) x(2,1,5) x(2,1,2)
c [5d] -x(1,1,5) -x(2,1,5) -x(2,2,5) x(1,2,5) x(1,2,4)
c [5a] -x(1,2,5) -x(1,3,5) -x(2,2,5) x(2,3,5) x(2,3,3)
c [5b] -x(1,2,5) -x(1,3,5) -x(2,3,5) x(2,2,5) x(2,2,2)
c [5d] -x(1,2,5) -x(2,2,5) -x(2,3,5) x(1,3,5) x(1,3,4)
c [5a] -x(1,3,5) -x(1,4,5) -x(2,3,5) x(2,4,5) x(2,4,3)
c [5b] -x(1,3,5) -x(1,4,5) -x(2,4,5) x(2,3,5) x(2,3,2)
c [5d] -x(1,3,5) -x(2,3,5) -x(2,4,5) x(1,4,5) x(1,4,4)
c [5a] -x(1,4,5) -x(1,5,5) -x(2,4,5) x(2,5,5) x(2,5,3)
c [5b] -x(1,4,5) -x(1,5,5) -x(2,5,5) x(2,4,5) x(2,4,2)
c [5d] -x(1,4,5) -x(2,4,5) -x(2,5,5) x(1,5,5) x(1,5,4)
c [5a] -x(1,5,5) -x(1,6,5) -x(2,5,5) x(2,6,5) x(2,6,3)
c [5b] -x(1,5,5) -x(1,6,5) -x(2,6,5) x(2,5,5) x(2,5,2)
c [5d] -x(1,5,5) -x(2,5,5) -x(2,6,5) x(1,6,5) x(1,6,4)
c [5a] -x(1,6,5) -x(1,7,5) -x(2,6,5) x(2,7,5) x(2,7,3)
c [5b] -x(1,6,5) -x(1,7,5) -x(2,7,5) x(2,6,5) x(2,6,2)
c [5d] -x(1,6,5) -x(2,6,5) -x(2,7,5) x(1,7,5) x(1,7,4)
c [5a] -x(1,7,5) -x(1,8,5) -x(2,7,5) x(2,8,5) x(2,8,3)
c [5b] -x(1,7,5) -x(1,8,5) -x(2,8,5) x(2,7,5) x(2,7,2)
c [5d] -x(1,7,5) -x(2,7,5) -x(2,8,5) x(1,8,5) x(1,8,4)
c [5a] -x(2,1,5) -x(2,2,5) -x(3,1,5) x(3,2,5) x(3,2,3)
c [5b] -x(2,1,5) -x(2,2,5) -x(3,2,5) x(3,1,5) x(3,1,2)
c [5d] -x(2,1,5) -x(3,1,5) -x(3,2,5) x(2,2,5) x(2,2,4)
c [5a] -x(2,2,5) -x(2,3,5) -x(3,2,5) x(3,3,5) x(3,3,3)
c [5b] -x(2,2,5) -x(2,3,5) -x(3,3,5) x(3,2,5) x(3,2,2)
c [5d] -x(2,2,5) -x(3,2,5) -x(3,3,5) x(2,3,5) x(2,3,4)
c [5a] -x(2,3,5) -x(2,4,5) -x(3,3,5) x(3,4,5) x(3,4,3)
c [5b] -x(2,3,5) -x(2,4,5) -x(3,4,5) x(3,3,5) x(3,3,2)
c [5d] -x(2,3,5) -x(3,3,5) -x(3,4,5) x(2,4,5) x(2,4,4)
c [5a] -x(2,4,5) -x(2,5,5) -x(3,4,5) x(3,5,5) x(3,5,3)
c [5b] -x(2,4,5) -x(2,5,5) -x(3,5,5) x(3,4,5) x(3,4,2)
c [5d] -x(2,4,5) -x(3,4,5) -x(3,5,5) x(2,5,5) x(2,5,4)
c [5a] -x(2,5,5) -x(2,6,5) -x(3,5,5) x(3,6,5) x(3,6,3)
c [5b] -x(2,5,5) -x(2,6,5) -x(3,6,5) x(3,5,5) x(3,5,2)
c [5d] -x(2,5,5) -x(3,5,5) -x(3,6,5) x(2,6,5) x(2,6,4)
c [5a] -x(2,6,5) -x(2,7,5) -x(3,6,5) x(3,7,5) x(3,7,3)
c [5b] -x(2,6,5) -x(2,7,5) -x(3,7,5) x(3,6,5) x(3,6,2)
c [5d] -x(2,6,5) -x(3,6,5) -x(3,7,5) x(2,7,5) x(2,7,4)
c [5a] -x(2,7,5) -x(2,8,5) -x(3,7,5) x(3,8,5) x(3,8,3)
c [5b] -x(2,7,5) -x(2,8,5) -x(3,8,5) x(3,7,5) x(3,7,2)
c [5d] -x(2,7,5) -x(3,7,5) -x(3,8,5) x(2,8,5) x(2,8,4)
c [5a] -x(3,1,5) -x(3,2,5) -x(4,1,5) x(4,2,5) x(4,2,3)
c [5b] -x(3,1,5) -x(3,2,5) -x(4,2,5) x(4,1,5) x(4,1,2)
c [5d] -x(3,1,5) -x(4,1,5) -x(4,2,5) x(3,2,5) x(3,2,4)
c [5a] -x(3,2,5) -x(3,3,5) -x(4,2,5) x(4,3,5) x(4,3,3)
c [5b] -x(3,2,5) -x(3,3,5) -x(4,3,5) x(4,2,5) x(4,2,2)
c [5d] -x(3,2,5) -x(4,2,5) -x(4,3,5) x(3,3,5) x(3,3,4)
c [5a] -x(3,3,5) -x(3,4,5) -x(4,3,5) x(4,4,5) x(4,4,3)
c [5b] -x(3,3,5) -x(3,4,5) -x(4,4,5) x(4,3,5) x(4,3,2)
c [5d] -x(3,3,5) -x(4,3,5) -x(4,4,5) x(3,4,5) x(3,4,4)
c [5a] -x(3,4,5) -x(3,5,5) -x(4,4,5) x(4,5,5) x(4,5,3)
c [5b] -x(3,4,5) -x(3,5,5) -x(4,5,5) x(4,4,5) x(4,4,2)
c [5d] -x(3,4,5) -x(4,4,5) -x(4,5,5) x(3,5,5) x(3,5,4)
c [5a] -x(3,5,5) -x(3,6,5) -x(4,5,5) x(4,6,5) x(4,6,3)
c [5b] -x(3,5,5) -x(3,6,5) -x(4,6,5) x(4,5,5) x(4,5,2)
c [5d] -x(3,5,5) -x(4,5,5) -x(4,6,5) x(3,6,5) x(3,6,4)
c [5a] -x(3,6,5) -x(3,7,5) -x(4,6,5) x(4,7,5) x(4,7,3)
c [5b] -x(3,6,5) -x(3,7,5) -x(4,7,5) x(4,6,5) x(4,6,2)
c [5d] -x(3,6,5) -x(4,6,5) -x(4,7,5) x(3,7,5) x(3,7,4)
c [5a] -x(3,7,5) -x(3,8,5) -x(4,7,5) x(4,8,5) x(4,8,3)
c [5b] -x(3,7,5) -x(3,8,5) -x(4,8,5) x(4,7,5) x(4,7,2)
c [5d] -x(3,7,5) -x(4,7,5) -x(4,8,5) x(3,8,5) x(3,8,4)
c [5a] -x(4,1,5) -x(4,2,5) -x(5,1,5) x(5,2,5) x(5,2,3)
c [5b] -x(4,1,5) -x(4,2,5) -x(5,2,5) x(5,1,5) x(5,1,2)
c [5d] -x(4,1,5) -x(5,1,5) -x(5,2,5) x(4,2,5) x(4,2,4)
c [5a] -x(4,2,5) -x(4,3,5) -x(5,2,5) x(5,3,5) x(5,3,3)
c [5b] -x(4,2,5) -x(4,3,5) -x(5,3,5) x(5,2,5) x(5,2,2)
c [5d] -x(4,2,5) -x(5,2,5) -x(5,3,5) x(4,3,5) x(4,3,4)
c [5a] -x(4,3,5) -x(4,4,5) -x(5,3,5) x(5,4,5) x(5,4,3)
c [5b] -x(4,3,5) -x(4,4,5) -x(5,4,5) x(5,3,5) x(5,3,2)
c [5d] -x(4,3,5) -x(5,3,5) -x(5,4,5) x(4,4,5) x(4,4,4)
c [5a] -x(4,4,5) -x(4,5,5) -x(5,4,5) x(5,5,5) x(5,5,3)
c [5b] -x(4,4,5) -x(4,5,5) -x(5,5,5) x(5,4,5) x(5,4,2)
c [5d] -x(4,4,5) -x(5,4,5) -x(5,5,5) x(4,5,5) x(4,5,4)
c [5a] -x(4,5,5) -x(4,6,5) -x(5,5,5) x(5,6,5) x(5,6,3)
c [5b] -x(4,5,5) -x(4,6,5) -x(5,6,5) x(5,5,5) x(5,5,2)
c [5d] -x(4,5,5) -x(5,5,5) -x(5,6,5) x(4,6,5) x(4,6,4)
c [5a] -x(4,6,5) -x(4,7,5) -x(5,6,5) x(5,7,5) x(5,7,3)
c [5b] -x(4,6,5) -x(4,7,5) -x(5,7,5) x(5,6,5) x(5,6,2)
c [5d] -x(4,6,5) -x(5,6,5) -x(5,7,5) x(4,7,5) x(4,7,4)
c [5a] -x(4,7,5) -x(4,8,5) -x(5,7,5) x(5,8,5) x(5,8,3)
c [5b] -x(4,7,5) -x(4,8,5) -x(5,8,5) x(5,7,5) x(5,7,2)
c [5d] -x(4,7,5) -x(5,7,5) -x(5,8,5) x(4,8,5) x(4,8,4)
c [5a] -x(5,1,5) -x(5,2,5) -x(6,1,5) x(6,2,5) x(6,2,3)
c [5b] -x(5,1,5) -x(5,2,5) -x(6,2,5) x(6,1,5) x(6,1,2)
c [5d] -x(5,1,5) -x(6,1,5) -x(6,2,5) x(5,2,5) x(5,2,4)
c [5a] -x(5,2,5) -x(5,3,5) -x(6,2,5) x(6,3,5) x(6,3,3)
c [5b] -x(5,2,5) -x(5,3,5) -x(6,3,5) x(6,2,5) x(6,2,2)
c [5d] -x(5,2,5) -x(6,2,5) -x(6,3,5) x(5,3,5) x(5,3,4)
c [5a] -x(5,3,5) -x(5,4,5) -x(6,3,5) x(6,4,5) x(6,4,3)
c [5b] -x(5,3,5) -x(5,4,5) -x(6,4,5) x(6,3,5) x(6,3,2)
c [5d] -x(5,3,5) -x(6,3,5) -x(6,4,5) x(5,4,5) x(5,4,4)
c [5a] -x(5,4,5) -x(5,5,5) -x(6,4,5) x(6,5,5) x(6,5,3)
c [5b] -x(5,4,5) -x(5,5,5) -x(6,5,5) x(6,4,5) x(6,4,2)
c [5d] -x(5,4,5) -x(6,4,5) -x(6,5,5) x(5,5,5) x(5,5,4)
c [5a] -x(5,5,5) -x(5,6,5) -x(6,5,5) x(6,6,5) x(6,6,3)
c [5b] -x(5,5,5) -x(5,6,5) -x(6,6,5) x(6,5,5) x(6,5,2)
c [5d] -x(5,5,5) -x(6,5,5) -x(6,6,5) x(5,6,5) x(5,6,4)
c [5a] -x(5,6,5) -x(5,7,5) -x(6,6,5) x(6,7,5) x(6,7,3)
c [5b] -x(5,6,5) -x(5,7,5) -x(6,7,5) x(6,6,5) x(6,6,2)
c [5d] -x(5,6,5) -x(6,6,5) -x(6,7,5) x(5,7,5) x(5,7,4)
c [5a] -x(5,7,5) -x(5,8,5) -x(6,7,5) x(6,8,5) x(6,8,3)
c [5b] -x(5,7,5) -x(5,8,5) -x(6,8,5) x(6,7,5) x(6,7,2)
c [5d] -x(5,7,5) -x(6,7,5) -x(6,8,5) x(5,8,5) x(5,8,4)
c [5a] -x(6,1,5) -x(6,2,5) -x(7,1,5) x(7,2,5) x(7,2,3)
c [5b] -x(6,1,5) -x(6,2,5) -x(7,2,5) x(7,1,5) x(7,1,2)
c [5d] -x(6,1,5) -x(7,1,5) -x(7,2,5) x(6,2,5) x(6,2,4)
c [5a] -x(6,2,5) -x(6,3,5) -x(7,2,5) x(7,3,5) x(7,3,3)
c [5b] -x(6,2,5) -x(6,3,5) -x(7,3,5) x(7,2,5) x(7,2,2)
c [5d] -x(6,2,5) -x(7,2,5) -x(7,3,5) x(6,3,5) x(6,3,4)
c [5a] -x(6,3,5) -x(6,4,5) -x(7,3,5) x(7,4,5) x(7,4,3)
c [5b] -x(6,3,5) -x(6,4,5) -x(7,4,5) x(7,3,5) x(7,3,2)
c [5d] -x(6,3,5) -x(7,3,5) -x(7,4,5) x(6,4,5) x(6,4,4)
c [5a] -x(6,4,5) -x(6,5,5) -x(7,4,5) x(7,5,5) x(7,5,3)
c [5b] -x(6,4,5) -x(6,5,5) -x(7,5,5) x(7,4,5) x(7,4,2)
c [5d] -x(6,4,5) -x(7,4,5) -x(7,5,5) x(6,5,5) x(6,5,4)
c [5a] -x(6,5,5) -x(6,6,5) -x(7,5,5) x(7,6,5) x(7,6,3)
c [5b] -x(6,5,5) -x(6,6,5) -x(7,6,5) x(7,5,5) x(7,5,2)
c [5d] -x(6,5,5) -x(7,5,5) -x(7,6,5) x(6,6,5) x(6,6,4)
c [5a] -x(6,6,5) -x(6,7,5) -x(7,6,5) x(7,7,5) x(7,7,3)
c [5b] -x(6,6,5) -x(6,7,5) -x(7,7,5) x(7,6,5) x(7,6,2)
c [5d] -x(6,6,5) -x(7,6,5) -x(7,7,5) x(6,7,5) x(6,7,4)
c [5a] -x(6,7,5) -x(6,8,5) -x(7,7,5) x(7,8,5) x(7,8,3)
c [5b] -x(6,7,5) -x(6,8,5) -x(7,8,5) x(7,7,5) x(7,7,2)
c [5d] -x(6,7,5) -x(7,7,5) -x(7,8,5) x(6,8,5) x(6,8,4)
c [5a] -x(7,1,5) -x(7,2,5) -x(8,1,5) x(8,2,5) x(8,2,3)
c [5b] -x(7,1,5) -x(7,2,5) -x(8,2,5) x(8,1,5) x(8,1,2)
c [5d] -x(7,1,5) -x(8,1,5) -x(8,2,5) x(7,2,5) x(7,2,4)
c [5a] -x(7,2,5) -x(7,3,5) -x(8,2,5) x(8,3,5) x(8,3,3)
c [5b] -x(7,2,5) -x(7,3,5) -x(8,3,5) x(8,2,5) x(8,2,2)
c [5d] -x(7,2,5) -x(8,2,5) -x(8,3,5) x(7,3,5) x(7,3,4)
c [5a] -x(7,3,5) -x(7,4,5) -x(8,3,5) x(8,4,5) x(8,4,3)
c [5b] -x(7,3,5) -x(7,4,5) -x(8,4,5) x(8,3,5) x(8,3,2)
c [5d] -x(7,3,5) -x(8,3,5) -x(8,4,5) x(7,4,5) x(7,4,4)
c [5a] -x(7,4,5) -x(7,5,5) -x(8,4,5) x(8,5,5) x(8,5,3)
c [5b] -x(7,4,5) -x(7,5,5) -x(8,5,5) x(8,4,5) x(8,4,2)
c [5d] -x(7,4,5) -x(8,4,5) -x(8,5,5) x(7,5,5) x(7,5,4)
c [5a] -x(7,5,5) -x(7,6,5) -x(8,5,5) x(8,6,5) x(8,6,3)
c [5b] -x(7,5,5) -x(7,6,5) -x(8,6,5) x(8,5,5) x(8,5,2)
c [5d] -x(7,5,5) -x(8,5,5) -x(8,6,5) x(7,6,5) x(7,6,4)
c [5a] -x(7,6,5) -x(7,7,5) -x(8,6,5) x(8,7,5) x(8,7,3)
c [5b] -x(7,6,5) -x(7,7,5) -x(8,7,5) x(8,6,5) x(8,6,2)
c [5d] -x(7,6,5) -x(8,6,5) -x(8,7,5) x(7,7,5) x(7,7,4)
c [5a] -x(7,7,5) -x(7,8,5) -x(8,7,5) x(8,8,5) x(8,8,3)
c [5b] -x(7,7,5) -x(7,8,5) -x(8,8,5) x(8,7,5) x(8,7,2)
c [5d] -x(7,7,5) -x(8,7,5) -x(8,8,5) x(7,8,5) x(7,8,4)
c [5c] -x(1,2,5) -x(2,2,5) -x(2,1,5) x(1,1,5) x(1,1,1)
c [5c] -x(1,3,5) -x(2,3,5) -x(2,2,5) x(1,2,5) x(1,2,1)
c [5c] -x(1,4,5) -x(2,4,5) -x(2,3,5) x(1,3,5) x(1,3,1)
c [5c] -x(1,5,5) -x(2,5,5) -x(2,4,5) x(1,4,5) x(1,4,1)
c [5c] -x(1,6,5) -x(2,6,5) -x(2,5,5) x(1,5,5) x(1,5,1)
c [5c] -x(1,7,5) -x(2,7,5) -x(2,6,5) x(1,6,5) x(1,6,1)
c [5c] -x(1,8,5) -x(2,8,5) -x(2,7,5) x(1,7,5) x(1,7,1)
c [5c] -x(2,2,5) -x(3,2,5) -x(3,1,5) x(2,1,5) x(2,1,1)
c [5c] -x(2,3,5) -x(3,3,5) -x(3,2,5) x(2,2,5) x(2,2,1)
c [5c] -x(2,4,5) -x(3,4,5) -x(3,3,5) x(2,3,5) x(2,3,1)
c [5c] -x(2,5,5) -x(3,5,5) -x(3,4,5) x(2,4,5) x(2,4,1)
c [5c] -x(2,6,5) -x(3,6,5) -x(3,5,5) x(2,5,5) x(2,5,1)
c [5c] -x(2,7,5) -x(3,7,5) -x(3,6,5) x(2,6,5) x(2,6,1)
c [5c] -x(2,8,5) -x(3,8,5) -x(3,7,5) x(2,7,5) x(2,7,1)
c [5c] -x(3,2,5) -x(4,2,5) -x(4,1,5) x(3,1,5) x(3,1,1)
c [5c] -x(3,3,5) -x(4,3,5) -x(4,2,5) x(3,2,5) x(3,2,1)
c [5c] -x(3,4,5) -x(4,4,5) -x(4,3,5) x(3,3,5) x(3,3,1)
c [5c] -x(3,5,5) -x(4,5,5) -x(4,4,5) x(3,4,5) x(3,4,1)
c [5c] -x(3,6,5) -x(4,6,5) -x(4,5,5) x(3,5,5) x(3,5,1)
c [5c] -x(3,7,5) -x(4,7,5) -x(4,6,5) x(3,6,5) x(3,6,1)
c [5c] -x(3,8,5) -x(4,8,5) -x(4,7,5) x(3,7,5) x(3,7,1)
c [5c] -x(4,2,5) -x(5,2,5) -x(5,1,5) x(4,1,5) x(4,1,1)
c [5c] -x(4,3,5) -x(5,3,5) -x(5,2,5) x(4,2,5) x(4,2,1)
c [5c] -x(4,4,5) -x(5,4,5) -x(5,3,5) x(4,3,5) x(4,3,1)
c [5c] -x(4,5,5) -x(5,5,5) -x(5,4,5) x(4,4,5) x(4,4,1)
c [5c] -x(4,6,5) -x(5,6,5) -x(5,5,5) x(4,5,5) x(4,5,1)
c [5c] -x(4,7,5) -x(5,7,5) -x(5,6,5) x(4,6,5) x(4,6,1)
c [5c] -x(4,8,5) -x(5,8,5) -x(5,7,5) x(4,7,5) x(4,7,1)
c [5c] -x(5,2,5) -x(6,2,5) -x(6,1,5) x(5,1,5) x(5,1,1)
c [5c] -x(5,3,5) -x(6,3,5) -x(6,2,5) x(5,2,5) x(5,2,1)
c [5c] -x(5,4,5) -x(6,4,5) -x(6,3,5) x(5,3,5) x(5,3,1)
c [5c] -x(5,5,5) -x(6,5,5) -x(6,4,5) x(5,4,5) x(5,4,1)
c [5c] -x(5,6,5) -x(6,6,5) -x(6,5,5) x(5,5,5) x(5,5,1)
c [5c] -x(5,7,5) -x(6,7,5) -x(6,6,5) x(5,6,5) x(5,6,1)
c [5c] -x(5,8,5) -x(6,8,5) -x(6,7,5) x(5,7,5) x(5,7,1)
c [5c] -x(6,2,5) -x(7,2,5) -x(7,1,5) x(6,1,5) x(6,1,1)
c [5c] -x(6,3,5) -x(7,3,5) -x(7,2,5) x(6,2,5) x(6,2,1)
c [5c] -x(6,4,5) -x(7,4,5) -x(7,3,5) x(6,3,5) x(6,3,1)
c [5c] -x(6,5,5) -x(7,5,5) -x(7,4,5) x(6,4,5) x(6,4,1)
c [5c] -x(6,6,5) -x(7,6,5) -x(7,5,5) x(6,5,5) x(6,5,1)
c [5c] -x(6,7,5) -x(7,7,5) -x(7,6,5) x(6,6,5) x(6,6,1)
c [5c] -x(6,8,5) -x(7,8,5) -x(7,7,5) x(6,7,5) x(6,7,1)
c [5c] -x(7,2,5) -x(8,2,5) -x(8,1,5) x(7,1,5) x(7,1,1)
c [5c] -x(7,3,5) -x(8,3,5) -x(8,2,5) x(7,2,5) x(7,2,1)
c [5c] -x(7,4,5) -x(8,4,5) -x(8,3,5) x(7,3,5) x(7,3,1)
c [5c] -x(7,5,5) -x(8,5,5) -x(8,4,5) x(7,4,5) x(7,4,1)
c [5c] -x(7,6,5) -x(8,6,5) -x(8,5,5) x(7,5,5) x(7,5,1)
c [5c] -x(7,7,5) -x(8,7,5) -x(8,6,5) x(7,6,5) x(7,6,1)
c [5c] -x(7,8,5) -x(8,8,5) -x(8,7,5) x(7,7,5) x(7,7,1)
c --- Triangle adjacency exclusion constraints ---
c [k1-k6] -x(1,1,1) -x(2,1,6)
c [k1-k4] -x(1,1,1) -x(2,1,4)
c [k1-k1] -x(1,1,1) -x(2,1,1)
c [k1-k6] -x(1,1,1) -x(1,2,6)
c [k1-k1] -x(1,1,1) -x(1,2,1)
c [k1-k2] -x(1,1,1) -x(1,2,2)
c [k2-k6] -x(1,1,2) -x(1,2,6)
c [k2-k1] -x(1,1,2) -x(1,2,1)
c [k2-k2] -x(1,1,2) -x(1,2,2)
c [k4-k6] -x(1,1,4) -x(2,1,6)
c [k4-k1] -x(1,1,4) -x(2,1,1)
c [k4-k4] -x(1,1,4) -x(2,1,4)
c [k1-k6] -x(1,2,1) -x(2,2,6)
c [k1-k4] -x(1,2,1) -x(2,2,4)
c [k1-k1] -x(1,2,1) -x(2,2,1)
c [k1-k6] -x(1,2,1) -x(1,3,6)
c [k1-k1] -x(1,2,1) -x(1,3,1)
c [k1-k2] -x(1,2,1) -x(1,3,2)
c [k2-k6] -x(1,2,2) -x(1,3,6)
c [k2-k1] -x(1,2,2) -x(1,3,1)
c [k2-k2] -x(1,2,2) -x(1,3,2)
c [k3-k6] -x(1,2,3) -x(1,1,6)
c [k3-k4] -x(1,2,3) -x(1,1,4)
c [k3-k3] -x(1,2,3) -x(1,1,3)
c [k4-k6] -x(1,2,4) -x(2,2,6)
c [k4-k1] -x(1,2,4) -x(2,2,1)
c [k4-k4] -x(1,2,4) -x(2,2,4)
c [k4-k6] -x(1,2,4) -x(1,1,6)
c [k4-k3] -x(1,2,4) -x(1,1,3)
c [k4-k4] -x(1,2,4) -x(1,1,4)
c [k1-k6] -x(1,3,1) -x(2,3,6)
c [k1-k4] -x(1,3,1) -x(2,3,4)
c [k1-k1] -x(1,3,1) -x(2,3,1)
c [k1-k6] -x(1,3,1) -x(1,4,6)
c [k1-k1] -x(1,3,1) -x(1,4,1)
c [k1-k2] -x(1,3,1) -x(1,4,2)
c [k2-k6] -x(1,3,2) -x(1,4,6)
c [k2-k1] -x(1,3,2) -x(1,4,1)
c [k2-k2] -x(1,3,2) -x(1,4,2)
c [k3-k6] -x(1,3,3) -x(1,2,6)
c [k3-k4] -x(1,3,3) -x(1,2,4)
c [k3-k3] -x(1,3,3) -x(1,2,3)
c [k4-k6] -x(1,3,4) -x(2,3,6)
c [k4-k1] -x(1,3,4) -x(2,3,1)
c [k4-k4] -x(1,3,4) -x(2,3,4)
c [k4-k6] -x(1,3,4) -x(1,2,6)
c [k4-k3] -x(1,3,4) -x(1,2,3)
c [k4-k4] -x(1,3,4) -x(1,2,4)
c [k1-k6] -x(1,4,1) -x(2,4,6)
c [k1-k4] -x(1,4,1) -x(2,4,4)
c [k1-k1] -x(1,4,1) -x(2,4,1)
c [k1-k6] -x(1,4,1) -x(1,5,6)
c [k1-k1] -x(1,4,1) -x(1,5,1)
c [k1-k2] -x(1,4,1) -x(1,5,2)
c [k2-k6] -x(1,4,2) -x(1,5,6)
c [k2-k1] -x(1,4,2) -x(1,5,1)
c [k2-k2] -x(1,4,2) -x(1,5,2)
c [k3-k6] -x(1,4,3) -x(1,3,6)
c [k3-k4] -x(1,4,3) -x(1,3,4)
c [k3-k3] -x(1,4,3) -x(1,3,3)
c [k4-k6] -x(1,4,4) -x(2,4,6)
c [k4-k1] -x(1,4,4) -x(2,4,1)
c [k4-k4] -x(1,4,4) -x(2,4,4)
c [k4-k6] -x(1,4,4) -x(1,3,6)
c [k4-k3] -x(1,4,4) -x(1,3,3)
c [k4-k4] -x(1,4,4) -x(1,3,4)
c [k1-k6] -x(1,5,1) -x(2,5,6)
c [k1-k4] -x(1,5,1) -x(2,5,4)
c [k1-k1] -x(1,5,1) -x(2,5,1)
c [k1-k6] -x(1,5,1) -x(1,6,6)
c [k1-k1] -x(1,5,1) -x(1,6,1)
c [k1-k2] -x(1,5,1) -x(1,6,2)
c [k2-k6] -x(1,5,2) -x(1,6,6)
c [k2-k1] -x(1,5,2) -x(1,6,1)
c [k2-k2] -x(1,5,2) -x(1,6,2)
c [k3-k6] -x(1,5,3) -x(1,4,6)
c [k3-k4] -x(1,5,3) -x(1,4,4)
c [k3-k3] -x(1,5,3) -x(1,4,3)
c [k4-k6] -x(1,5,4) -x(2,5,6)
c [k4-k1] -x(1,5,4) -x(2,5,1)
c [k4-k4] -x(1,5,4) -x(2,5,4)
c [k4-k6] -x(1,5,4) -x(1,4,6)
c [k4-k3] -x(1,5,4) -x(1,4,3)
c [k4-k4] -x(1,5,4) -x(1,4,4)
c [k1-k6] -x(1,6,1) -x(2,6,6)
c [k1-k4] -x(1,6,1) -x(2,6,4)
c [k1-k1] -x(1,6,1) -x(2,6,1)
c [k1-k6] -x(1,6,1) -x(1,7,6)
c [k1-k1] -x(1,6,1) -x(1,7,1)
c [k1-k2] -x(1,6,1) -x(1,7,2)
c [k2-k6] -x(1,6,2) -x(1,7,6)
c [k2-k1] -x(1,6,2) -x(1,7,1)
c [k2-k2] -x(1,6,2) -x(1,7,2)
c [k3-k6] -x(1,6,3) -x(1,5,6)
c [k3-k4] -x(1,6,3) -x(1,5,4)
c [k3-k3] -x(1,6,3) -x(1,5,3)
c [k4-k6] -x(1,6,4) -x(2,6,6)
c [k4-k1] -x(1,6,4) -x(2,6,1)
c [k4-k4] -x(1,6,4) -x(2,6,4)
c [k4-k6] -x(1,6,4) -x(1,5,6)
c [k4-k3] -x(1,6,4) -x(1,5,3)
c [k4-k4] -x(1,6,4) -x(1,5,4)
c [k1-k6] -x(1,7,1) -x(2,7,6)
c [k1-k4] -x(1,7,1) -x(2,7,4)
c [k1-k1] -x(1,7,1) -x(2,7,1)
c [k1-k6] -x(1,7,1) -x(1,8,6)
c [k1-k1] -x(1,7,1) -x(1,8,1)
c [k1-k2] -x(1,7,1) -x(1,8,2)
c [k2-k6] -x(1,7,2) -x(1,8,6)
c [k2-k1] -x(1,7,2) -x(1,8,1)
c [k2-k2] -x(1,7,2) -x(1,8,2)
c [k3-k6] -x(1,7,3) -x(1,6,6)
c [k3-k4] -x(1,7,3) -x(1,6,4)
c [k3-k3] -x(1,7,3) -x(1,6,3)
c [k4-k6] -x(1,7,4) -x(2,7,6)
c [k4-k1] -x(1,7,4) -x(2,7,1)
c [k4-k4] -x(1,7,4) -x(2,7,4)
c [k4-k6] -x(1,7,4) -x(1,6,6)
c [k4-k3] -x(1,7,4) -x(1,6,3)
c [k4-k4] -x(1,7,4) -x(1,6,4)
c [k1-k6] -x(1,8,1) -x(2,8,6)
c [k1-k4] -x(1,8,1) -x(2,8,4)
c [k1-k1] -x(1,8,1) -x(2,8,1)
c [k3-k6] -x(1,8,3) -x(1,7,6)
c [k3-k4] -x(1,8,3) -x(1,7,4)
c [k3-k3] -x(1,8,3) -x(1,7,3)
c [k4-k6] -x(1,8,4) -x(2,8,6)
c [k4-k1] -x(1,8,4) -x(2,8,1)
c [k4-k4] -x(1,8,4) -x(2,8,4)
c [k4-k6] -x(1,8,4) -x(1,7,6)
c [k4-k3] -x(1,8,4) -x(1,7,3)
c [k4-k4] -x(1,8,4) -x(1,7,4)
c [k1-k6] -x(2,1,1) -x(3,1,6)
c [k1-k4] -x(2,1,1) -x(3,1,4)
c [k1-k1] -x(2,1,1) -x(3,1,1)
c [k1-k6] -x(2,1,1) -x(2,2,6)
c [k1-k1] -x(2,1,1) -x(2,2,1)
c [k1-k2] -x(2,1,1) -x(2,2,2)
c [k2-k6] -x(2,1,2) -x(1,1,6)
c [k2-k2] -x(2,1,2) -x(1,1,2)
c [k2-k3] -x(2,1,2) -x(1,1,3)
c [k2-k6] -x(2,1,2) -x(2,2,6)
c [k2-k1] -x(2,1,2) -x(2,2,1)
c [k2-k2] -x(2,1,2) -x(2,2,2)
c [k3-k6] -x(2,1,3) -x(1,1,6)
c [k3-k2] -x(2,1,3) -x(1,1,2)
c [k3-k3] -x(2,1,3) -x(1,1,3)
c [k4-k6] -x(2,1,4) -x(3,1,6)
c [k4-k1] -x(2,1,4) -x(3,1,1)
c [k4-k4] -x(2,1,4) -x(3,1,4)
c [k1-k6] -x(2,2,1) -x(3,2,6)
c [k1-k4] -x(2,2,1) -x(3,2,4)
c [k1-k1] -x(2,2,1) -x(3,2,1)
c [k1-k6] -x(2,2,1) -x(2,3,6)
c [k1-k1] -x(2,2,1) -x(2,3,1)
c [k1-k2] -x(2,2,1) -x(2,3,2)
c [k2-k6] -x(2,2,2) -x(1,2,6)
c [k2-k2] -x(2,2,2) -x(1,2,2)
c [k2-k3] -x(2,2,2) -x(1,2,3)
c [k2-k6] -x(2,2,2) -x(2,3,6)
c [k2-k1] -x(2,2,2) -x(2,3,1)
c [k2-k2] -x(2,2,2) -x(2,3,2)
c [k3-k6] -x(2,2,3) -x(1,2,6)
c [k3-k2] -x(2,2,3) -x(1,2,2)
c [k3-k3] -x(2,2,3) -x(1,2,3)
c [k3-k6] -x(2,2,3) -x(2,1,6)
c [k3-k4] -x(2,2,3) -x(2,1,4)
c [k3-k3] -x(2,2,3) -x(2,1,3)
c [k4-k6] -x(2,2,4) -x(3,2,6)
c [k4-k1] -x(2,2,4) -x(3,2,1)
c [k4-k4] -x(2,2,4) -x(3,2,4)
c [k4-k6] -x(2,2,4) -x(2,1,6)
c [k4-k3] -x(2,2,4) -x(2,1,3)
c [k4-k4] -x(2,2,4) -x(2,1,4)
c [k1-k6] -x(2,3,1) -x(3,3,6)
c [k1-k4] -x(2,3,1) -x(3,3,4)
c [k1-k1] -x(2,3,1) -x(3,3,1)
c [k1-k6] -x(2,3,1) -x(2,4,6)
c [k1-k1] -x(2,3,1) -x(2,4,1)
c [k1-k2] -x(2,3,1) -x(2,4,2)
c [k2-k6] -x(2,3,2) -x(1,3,6)
c [k2-k2] -x(2,3,2) -x(1,3,2)
c [k2-k3] -x(2,3,2) -x(1,3,3)
c [k2-k6] -x(2,3,2) -x(2,4,6)
c [k2-k1] -x(2,3,2) -x(2,4,1)
c [k2-k2] -x(2,3,2) -x(2,4,2)
c [k3-k6] -x(2,3,3) -x(1,3,6)
c [k3-k2] -x(2,3,3) -x(1,3,2)
c [k3-k3] -x(2,3,3) -x(1,3,3)
c [k3-k6] -x(2,3,3) -x(2,2,6)
c [k3-k4] -x(2,3,3) -x(2,2,4)
c [k3-k3] -x(2,3,3) -x(2,2,3)
c [k4-k6] -x(2,3,4) -x(3,3,6)
c [k4-k1] -x(2,3,4) -x(3,3,1)
c [k4-k4] -x(2,3,4) -x(3,3,4)
c [k4-k6] -x(2,3,4) -x(2,2,6)
c [k4-k3] -x(2,3,4) -x(2,2,3)
c [k4-k4] -x(2,3,4) -x(2,2,4)
c [k1-k6] -x(2,4,1) -x(3,4,6)
c [k1-k4] -x(2,4,1) -x(3,4,4)
c [k1-k1] -x(2,4,1) -x(3,4,1)
c [k1-k6] -x(2,4,1) -x(2,5,6)
c [k1-k1] -x(2,4,1) -x(2,5,1)
c [k1-k2] -x(2,4,1) -x(2,5,2)
c [k2-k6] -x(2,4,2) -x(1,4,6)
c [k2-k2] -x(2,4,2) -x(1,4,2)
c [k2-k3] -x(2,4,2) -x(1,4,3)
c [k2-k6] -x(2,4,2) -x(2,5,6)
c [k2-k1] -x(2,4,2) -x(2,5,1)
c [k2-k2] -x(2,4,2) -x(2,5,2)
c [k3-k6] -x(2,4,3) -x(1,4,6)
c [k3-k2] -x(2,4,3) -x(1,4,2)
c [k3-k3] -x(2,4,3) -x(1,4,3)
c [k3-k6] -x(2,4,3) -x(2,3,6)
c [k3-k4] -x(2,4,3) -x(2,3,4)
c [k3-k3] -x(2,4,3) -x(2,3,3)
c [k4-k6] -x(2,4,4) -x(3,4,6)
c [k4-k1] -x(2,4,4) -x(3,4,1)
c [k4-k4] -x(2,4,4) -x(3,4,4)
c [k4-k6] -x(2,4,4) -x(2,3,6)
c [k4-k3] -x(2,4,4) -x(2,3,3)
c [k4-k4] -x(2,4,4) -x(2,3,4)
c [k1-k6] -x(2,5,1) -x(3,5,6)
c [k1-k4] -x(2,5,1) -x(3,5,4)
c [k1-k1] -x(2,5,1) -x(3,5,1)
c [k1-k6] -x(2,5,1) -x(2,6,6)
c [k1-k1] -x(2,5,1) -x(2,6,1)
c [k1-k2] -x(2,5,1) -x(2,6,2)
c [k2-k6] -x(2,5,2) -x(1,5,6)
c [k2-k2] -x(2,5,2) -x(1,5,2)
c [k2-k3] -x(2,5,2) -x(1,5,3)
c [k2-k6] -x(2,5,2) -x(2,6,6)
c [k2-k1] -x(2,5,2) -x(2,6,1)
c [k2-k2] -x(2,5,2) -x(2,6,2)
c [k3-k6] -x(2,5,3) -x(1,5,6)
c [k3-k2] -x(2,5,3) -x(1,5,2)
c [k3-k3] -x(2,5,3) -x(1,5,3)
c [k3-k6] -x(2,5,3) -x(2,4,6)
c [k3-k4] -x(2,5,3) -x(2,4,4)
c [k3-k3] -x(2,5,3) -x(2,4,3)
c [k4-k6] -x(2,5,4) -x(3,5,6)
c [k4-k1] -x(2,5,4) -x(3,5,1)
c [k4-k4] -x(2,5,4) -x(3,5,4)
c [k4-k6] -x(2,5,4) -x(2,4,6)
c [k4-k3] -x(2,5,4) -x(2,4,3)
c [k4-k4] -x(2,5,4) -x(2,4,4)
c [k1-k6] -x(2,6,1) -x(3,6,6)
c [k1-k4] -x(2,6,1) -x(3,6,4)
c [k1-k1] -x(2,6,1) -x(3,6,1)
c [k1-k6] -x(2,6,1) -x(2,7,6)
c [k1-k1] -x(2,6,1) -x(2,7,1)
c [k1-k2] -x(2,6,1) -x(2,7,2)
c [k2-k6] -x(2,6,2) -x(1,6,6)
c [k2-k2] -x(2,6,2) -x(1,6,2)
c [k2-k3] -x(2,6,2) -x(1,6,3)
c [k2-k6] -x(2,6,2) -x(2,7,6)
c [k2-k1] -x(2,6,2) -x(2,7,1)
c [k2-k2] -x(2,6,2) -x(2,7,2)
c [k3-k6] -x(2,6,3) -x(1,6,6)
c [k3-k2] -x(2,6,3) -x(1,6,2)
c [k3-k3] -x(2,6,3) -x(1,6,3)
c [k3-k6] -x(2,6,3) -x(2,5,6)
c [k3-k4] -x(2,6,3) -x(2,5,4)
c [k3-k3] -x(2,6,3) -x(2,5,3)
c [k4-k6] -x(2,6,4) -x(3,6,6)
c [k4-k1] -x(2,6,4) -x(3,6,1)
c [k4-k4] -x(2,6,4) -x(3,6,4)
c [k4-k6] -x(2,6,4) -x(2,5,6)
c [k4-k3] -x(2,6,4) -x(2,5,3)
c [k4-k4] -x(2,6,4) -x(2,5,4)
c [k1-k6] -x(2,7,1) -x(3,7,6)
c [k1-k4] -x(2,7,1) -x(3,7,4)
c [k1-k1] -x(2,7,1) -x(3,7,1)
c [k1-k6] -x(2,7,1) -x(2,8,6)
c [k1-k1] -x(2,7,1) -x(2,8,1)
c [k1-k2] -x(2,7,1) -x(2,8,2)
c [k2-k6] -x(2,7,2) -x(1,7,6)
c [k2-k2] -x(2,7,2) -x(1,7,2)
c [k2-k3] -x(2,7,2) -x(1,7,3)
c [k2-k6] -x(2,7,2) -x(2,8,6)
c [k2-k1] -x(2,7,2) -x(2,8,1)
c [k2-k2] -x(2,7,2) -x(2,8,2)
c [k3-k6] -x(2,7,3) -x(1,7,6)
c [k3-k2] -x(2,7,3) -x(1,7,2)
c [k3-k3] -x(2,7,3) -x(1,7,3)
c [k3-k6] -x(2,7,3) -x(2,6,6)
c [k3-k4] -x(2,7,3) -x(2,6,4)
c [k3-k3] -x(2,7,3) -x(2,6,3)
c [k4-k6] -x(2,7,4) -x(3,7,6)
c [k4-k1] -x(2,7,4) -x(3,7,1)
c [k4-k4] -x(2,7,4) -x(3,7,4)
c [k4-k6] -x(2,7,4) -x(2,6,6)
c [k4-k3] -x(2,7,4) -x(2,6,3)
c [k4-k4] -x(2,7,4) -x(2,6,4)
c [k1-k6] -x(2,8,1) -x(3,8,6)
c [k1-k4] -x(2,8,1) -x(3,8,4)
c [k1-k1] -x(2,8,1) -x(3,8,1)
c [k2-k6] -x(2,8,2) -x(1,8,6)
c [k2-k2] -x(2,8,2) -x(1,8,2)
c [k2-k3] -x(2,8,2) -x(1,8,3)
c [k3-k6] -x(2,8,3) -x(1,8,6)
c [k3-k2] -x(2,8,3) -x(1,8,2)
c [k3-k3] -x(2,8,3) -x(1,8,3)
c [k3-k6] -x(2,8,3) -x(2,7,6)
c [k3-k4] -x(2,8,3) -x(2,7,4)
c [k3-k3] -x(2,8,3) -x(2,7,3)
c [k4-k6] -x(2,8,4) -x(3,8,6)
c [k4-k1] -x(2,8,4) -x(3,8,1)
c [k4-k4] -x(2,8,4) -x(3,8,4)
c [k4-k6] -x(2,8,4) -x(2,7,6)
c [k4-k3] -x(2,8,4) -x(2,7,3)
c [k4-k4] -x(2,8,4) -x(2,7,4)
c [k1-k6] -x(3,1,1) -x(4,1,6)
c [k1-k4] -x(3,1,1) -x(4,1,4)
c [k1-k1] -x(3,1,1) -x(4,1,1)
c [k1-k6] -x(3,1,1) -x(3,2,6)
c [k1-k1] -x(3,1,1) -x(3,2,1)
c [k1-k2] -x(3,1,1) -x(3,2,2)
c [k2-k6] -x(3,1,2) -x(2,1,6)
c [k2-k2] -x(3,1,2) -x(2,1,2)
c [k2-k3] -x(3,1,2) -x(2,1,3)
c [k2-k6] -x(3,1,2) -x(3,2,6)
c [k2-k1] -x(3,1,2) -x(3,2,1)
c [k2-k2] -x(3,1,2) -x(3,2,2)
c [k3-k6] -x(3,1,3) -x(2,1,6)
c [k3-k2] -x(3,1,3) -x(2,1,2)
c [k3-k3] -x(3,1,3) -x(2,1,3)
c [k4-k6] -x(3,1,4) -x(4,1,6)
c [k4-k1] -x(3,1,4) -x(4,1,1)
c [k4-k4] -x(3,1,4) -x(4,1,4)
c [k1-k6] -x(3,2,1) -x(4,2,6)
c [k1-k4] -x(3,2,1) -x(4,2,4)
c [k1-k1] -x(3,2,1) -x(4,2,1)
c [k1-k6] -x(3,2,1) -x(3,3,6)
c [k1-k1] -x(3,2,1) -x(3,3,1)
c [k1-k2] -x(3,2,1) -x(3,3,2)
c [k2-k6] -x(3,2,2) -x(2,2,6)
c [k2-k2] -x(3,2,2) -x(2,2,2)
c [k2-k3] -x(3,2,2) -x(2,2,3)
c [k2-k6] -x(3,2,2) -x(3,3,6)
c [k2-k1] -x(3,2,2) -x(3,3,1)
c [k2-k2] -x(3,2,2) -x(3,3,2)
c [k3-k6] -x(3,2,3) -x(2,2,6)
c [k3-k2] -x(3,2,3) -x(2,2,2)
c [k3-k3] -x(3,2,3) -x(2,2,3)
c [k3-k6] -x(3,2,3) -x(3,1,6)
c [k3-k4] -x(3,2,3) -x(3,1,4)
c [k3-k3] -x(3,2,3) -x(3,1,3)
c [k4-k6] -x(3,2,4) -x(4,2,6)
c [k4-k1] -x(3,2,4) -x(4,2,1)
c [k4-k4] -x(3,2,4) -x(4,2,4)
c [k4-k6] -x(3,2,4) -x(3,1,6)
c [k4-k3] -x(3,2,4) -x(3,1,3)
c [k4-k4] -x(3,2,4) -x(3,1,4)
c [k1-k6] -x(3,3,1) -x(4,3,6)
c [k1-k4] -x(3,3,1) -x(4,3,4)
c [k1-k1] -x(3,3,1) -x(4,3,1)
c [k1-k6] -x(3,3,1) -x(3,4,6)
c [k1-k1] -x(3,3,1) -x(3,4,1)
c [k1-k2] -x(3,3,1) -x(3,4,2)
c [k2-k6] -x(3,3,2) -x(2,3,6)
c [k2-k2] -x(3,3,2) -x(2,3,2)
c [k2-k3] -x(3,3,2) -x(2,3,3)
c [k2-k6] -x(3,3,2) -x(3,4,6)
c [k2-k1] -x(3,3,2) -x(3,4,1)
c [k2-k2] -x(3,3,2) -x(3,4,2)
c [k3-k6] -x(3,3,3) -x(2,3,6)
c [k3-k2] -x(3,3,3) -x(2,3,2)
c [k3-k3] -x(3,3,3) -x(2,3,3)
c [k3-k6] -x(3,3,3) -x(3,2,6)
c [k3-k4] -x(3,3,3) -x(3,2,4)
c [k3-k3] -x(3,3,3) -x(3,2,3)
c [k4-k6] -x(3,3,4) -x(4,3,6)
c [k4-k1] -x(3,3,4) -x(4,3,1)
c [k4-k4] -x(3,3,4) -x(4,3,4)
c [k4-k6] -x(3,3,4) -x(3,2,6)
c [k4-k3] -x(3,3,4) -x(3,2,3)
c [k4-k4] -x(3,3,4) -x(3,2,4)
c [k1-k6] -x(3,4,1) -x(4,4,6)
c [k1-k4] -x(3,4,1) -x(4,4,4)
c [k1-k1] -x(3,4,1) -x(4,4,1)
c [k1-k6] -x(3,4,1) -x(3,5,6)
c [k1-k1] -x(3,4,1) -x(3,5,1)
c [k1-k2] -x(3,4,1) -x(3,5,2)
c [k2-k6] -x(3,4,2) -x(2,4,6)
c [k2-k2] -x(3,4,2) -x(2,4,2)
c [k2-k3] -x(3,4,2) -x(2,4,3)
c [k2-k6] -x(3,4,2) -x(3,5,6)
c [k2-k1] -x(3,4,2) -x(3,5,1)
c [k2-k2] -x(3,4,2) -x(3,5,2)
c [k3-k6] -x(3,4,3) -x(2,4,6)
c [k3-k2] -x(3,4,3) -x(2,4,2)
c [k3-k3] -x(3,4,3) -x(2,4,3)
c [k3-k6] -x(3,4,3) -x(3,3,6)
c [k3-k4] -x(3,4,3) -x(3,3,4)
c [k3-k3] -x(3,4,3) -x(3,3,3)
c [k4-k6] -x(3,4,4) -x(4,4,6)
c [k4-k1] -x(3,4,4) -x(4,4,1)
c [k4-k4] -x(3,4,4) -x(4,4,4)
c [k4-k6] -x(3,4,4) -x(3,3,6)
c [k4-k3] -x(3,4,4) -x(3,3,3)
c [k4-k4] -x(3,4,4) -x(3,3,4)
c [k1-k6] -x(3,5,1) -x(4,5,6)
c [k1-k4] -x(3,5,1) -x(4,5,4)
c [k1-k1] -x(3,5,1) -x(4,5,1)
c [k1-k6] -x(3,5,1) -x(3,6,6)
c [k1-k1] -x(3,5,1) -x(3,6,1)
c [k1-k2] -x(3,5,1) -x(3,6,2)
c [k2-k6] -x(3,5,2) -x(2,5,6)
c [k2-k2] -x(3,5,2) -x(2,5,2)
c [k2-k3] -x(3,5,2) -x(2,5,3)
c [k2-k6] -x(3,5,2) -x(3,6,6)
c [k2-k1] -x(3,5,2) -x(3,6,1)
c [k2-k2] -x(3,5,2) -x(3,6,2)
c [k3-k6] -x(3,5,3) -x(2,5,6)
c [k3-k2] -x(3,5,3) -x(2,5,2)
c [k3-k3] -x(3,5,3) -x(2,5,3)
c [k3-k6] -x(3,5,3) -x(3,4,6)
c [k3-k4] -x(3,5,3) -x(3,4,4)
c [k3-k3] -x(3,5,3) -x(3,4,3)
c [k4-k6] -x(3,5,4) -x(4,5,6)
c [k4-k1] -x(3,5,4) -x(4,5,1)
c [k4-k4] -x(3,5,4) -x(4,5,4)
c [k4-k6] -x(3,5,4) -x(3,4,6)
c [k4-k3] -x(3,5,4) -x(3,4,3)
c [k4-k4] -x(3,5,4) -x(3,4,4)
c [k1-k6] -x(3,6,1) -x(4,6,6)
c [k1-k4] -x(3,6,1) -x(4,6,4)
c [k1-k1] -x(3,6,1) -x(4,6,1)
c [k1-k6] -x(3,6,1) -x(3,7,6)
c [k1-k1] -x(3,6,1) -x(3,7,1)
c [k1-k2] -x(3,6,1) -x(3,7,2)
c [k2-k6] -x(3,6,2) -x(2,6,6)
c [k2-k2] -x(3,6,2) -x(2,6,2)
c [k2-k3] -x(3,6,2) -x(2,6,3)
c [k2-k6] -x(3,6,2) -x(3,7,6)
c [k2-k1] -x(3,6,2) -x(3,7,1)
c [k2-k2] -x(3,6,2) -x(3,7,2)
c [k3-k6] -x(3,6,3) -x(2,6,6)
c [k3-k2] -x(3,6,3) -x(2,6,2)
c [k3-k3] -x(3,6,3) -x(2,6,3)
c [k3-k6] -x(3,6,3) -x(3,5,6)
c [k3-k4] -x(3,6,3) -x(3,5,4)
c [k3-k3] -x(3,6,3) -x(3,5,3)
c [k4-k6] -x(3,6,4) -x(4,6,6)
c [k4-k1] -x(3,6,4) -x(4,6,1)
c [k4-k4] -x(3,6,4) -x(4,6,4)
c [k4-k6] -x(3,6,4) -x(3,5,6)
c [k4-k3] -x(3,6,4) -x(3,5,3)
c [k4-k4] -x(3,6,4) -x(3,5,4)
c [k1-k6] -x(3,7,1) -x(4,7,6)
c [k1-k4] -x(3,7,1) -x(4,7,4)
c [k1-k1] -x(3,7,1) -x(4,7,1)
c [k1-k6] -x(3,7,1) -x(3,8,6)
c [k1-k1] -x(3,7,1) -x(3,8,1)
c [k1-k2] -x(3,7,1) -x(3,8,2)
c [k2-k6] -x(3,7,2) -x(2,7,6)
c [k2-k2] -x(3,7,2) -x(2,7,2)
c [k2-k3] -x(3,7,2) -x(2,7,3)
c [k2-k6] -x(3,7,2) -x(3,8,6)
c [k2-k1] -x(3,7,2) -x(3,8,1)
c [k2-k2] -x(3,7,2) -x(3,8,2)
c [k3-k6] -x(3,7,3) -x(2,7,6)
c [k3-k2] -x(3,7,3) -x(2,7,2)
c [k3-k3] -x(3,7,3) -x(2,7,3)
c [k3-k6] -x(3,7,3) -x(3,6,6)
c [k3-k4] -x(3,7,3) -x(3,6,4)
c [k3-k3] -x(3,7,3) -x(3,6,3)
c [k4-k6] -x(3,7,4) -x(4,7,6)
c [k4-k1] -x(3,7,4) -x(4,7,1)
c [k4-k4] -x(3,7,4) -x(4,7,4)
c [k4-k6] -x(3,7,4) -x(3,6,6)
c [k4-k3] -x(3,7,4) -x(3,6,3)
c [k4-k4] -x(3,7,4) -x(3,6,4)
c [k1-k6] -x(3,8,1) -x(4,8,6)
c [k1-k4] -x(3,8,1) -x(4,8,4)
c [k1-k1] -x(3,8,1) -x(4,8,1)
c [k2-k6] -x(3,8,2) -x(2,8,6)
c [k2-k2] -x(3,8,2) -x(2,8,2)
c [k2-k3] -x(3,8,2) -x(2,8,3)
c [k3-k6] -x(3,8,3) -x(2,8,6)
c [k3-k2] -x(3,8,3) -x(2,8,2)
c [k3-k3] -x(3,8,3) -x(2,8,3)
c [k3-k6] -x(3,8,3) -x(3,7,6)
c [k3-k4] -x(3,8,3) -x(3,7,4)
c [k3-k3] -x(3,8,3) -x(3,7,3)
c [k4-k6] -x(3,8,4) -x(4,8,6)
c [k4-k1] -x(3,8,4) -x(4,8,1)
c [k4-k4] -x(3,8,4) -x(4,8,4)
c [k4-k6] -x(3,8,4) -x(3,7,6)
c [k4-k3] -x(3,8,4) -x(3,7,3)
c [k4-k4] -x(3,8,4) -x(3,7,4)
c [k1-k6] -x(4,1,1) -x(5,1,6)
c [k1-k4] -x(4,1,1) -x(5,1,4)
c [k1-k1] -x(4,1,1) -x(5,1,1)
c [k1-k6] -x(4,1,1) -x(4,2,6)
c [k1-k1] -x(4,1,1) -x(4,2,1)
c [k1-k2] -x(4,1,1) -x(4,2,2)
c [k2-k6] -x(4,1,2) -x(3,1,6)
c [k2-k2] -x(4,1,2) -x(3,1,2)
c [k2-k3] -x(4,1,2) -x(3,1,3)
c [k2-k6] -x(4,1,2) -x(4,2,6)
c [k2-k1] -x(4,1,2) -x(4,2,1)
c [k2-k2] -x(4,1,2) -x(4,2,2)
c [k3-k6] -x(4,1,3) -x(3,1,6)
c [k3-k2] -x(4,1,3) -x(3,1,2)
c [k3-k3] -x(4,1,3) -x(3,1,3)
c [k4-k6] -x(4,1,4) -x(5,1,6)
c [k4-k1] -x(4,1,4) -x(5,1,1)
c [k4-k4] -x(4,1,4) -x(5,1,4)
c [k1-k6] -x(4,2,1) -x(5,2,6)
c [k1-k4] -x(4,2,1) -x(5,2,4)
c [k1-k1] -x(4,2,1) -x(5,2,1)
c [k1-k6] -x(4,2,1) -x(4,3,6)
c [k1-k1] -x(4,2,1) -x(4,3,1)
c [k1-k2] -x(4,2,1) -x(4,3,2)
c [k2-k6] -x(4,2,2) -x(3,2,6)
c [k2-k2] -x(4,2,2) -x(3,2,2)
c [k2-k3] -x(4,2,2) -x(3,2,3)
c [k2-k6] -x(4,2,2) -x(4,3,6)
c [k2-k1] -x(4,2,2) -x(4,3,1)
c [k2-k2] -x(4,2,2) -x(4,3,2)
c [k3-k6] -x(4,2,3) -x(3,2,6)
c [k3-k2] -x(4,2,3) -x(3,2,2)
c [k3-k3] -x(4,2,3) -x(3,2,3)
c [k3-k6] -x(4,2,3) -x(4,1,6)
c [k3-k4] -x(4,2,3) -x(4,1,4)
c [k3-k3] -x(4,2,3) -x(4,1,3)
c [k4-k6] -x(4,2,4) -x(5,2,6)
c [k4-k1] -x(4,2,4) -x(5,2,1)
c [k4-k4] -x(4,2,4) -x(5,2,4)
c [k4-k6] -x(4,2,4) -x(4,1,6)
c [k4-k3] -x(4,2,4) -x(4,1,3)
c [k4-k4] -x(4,2,4) -x(4,1,4)
c [k1-k6] -x(4,3,1) -x(5,3,6)
c [k1-k4] -x(4,3,1) -x(5,3,4)
c [k1-k1] -x(4,3,1) -x(5,3,1)
c [k1-k6] -x(4,3,1) -x(4,4,6)
c [k1-k1] -x(4,3,1) -x(4,4,1)
c [k1-k2] -x(4,3,1) -x(4,4,2)
c [k2-k6] -x(4,3,2) -x(3,3,6)
c [k2-k2] -x(4,3,2) -x(3,3,2)
c [k2-k3] -x(4,3,2) -x(3,3,3)
c [k2-k6] -x(4,3,2) -x(4,4,6)
c [k2-k1] -x(4,3,2) -x(4,4,1)
c [k2-k2] -x(4,3,2) -x(4,4,2)
c [k3-k6] -x(4,3,3) -x(3,3,6)
c [k3-k2] -x(4,3,3) -x(3,3,2)
c [k3-k3] -x(4,3,3) -x(3,3,3)
c [k3-k6] -x(4,3,3) -x(4,2,6)
c [k3-k4] -x(4,3,3) -x(4,2,4)
c [k3-k3] -x(4,3,3) -x(4,2,3)
c [k4-k6] -x(4,3,4) -x(5,3,6)
c [k4-k1] -x(4,3,4) -x(5,3,1)
c [k4-k4] -x(4,3,4) -x(5,3,4)
c [k4-k6] -x(4,3,4) -x(4,2,6)
c [k4-k3] -x(4,3,4) -x(4,2,3)
c [k4-k4] -x(4,3,4) -x(4,2,4)
c [k1-k6] -x(4,4,1) -x(5,4,6)
c [k1-k4] -x(4,4,1) -x(5,4,4)
c [k1-k1] -x(4,4,1) -x(5,4,1)
c [k1-k6] -x(4,4,1) -x(4,5,6)
c [k1-k1] -x(4,4,1) -x(4,5,1)
c [k1-k2] -x(4,4,1) -x(4,5,2)
c [k2-k6] -x(4,4,2) -x(3,4,6)
c [k2-k2] -x(4,4,2) -x(3,4,2)
c [k2-k3] -x(4,4,2) -x(3,4,3)
c [k2-k6] -x(4,4,2) -x(4,5,6)
c [k2-k1] -x(4,4,2) -x(4,5,1)
c [k2-k2] -x(4,4,2) -x(4,5,2)
c [k3-k6] -x(4,4,3) -x(3,4,6)
c [k3-k2] -x(4,4,3) -x(3,4,2)
c [k3-k3] -x(4,4,3) -x(3,4,3)
c [k3-k6] -x(4,4,3) -x(4,3,6)
c [k3-k4] -x(4,4,3) -x(4,3,4)
c [k3-k3] -x(4,4,3) -x(4,3,3)
c [k4-k6] -x(4,4,4) -x(5,4,6)
c [k4-k1] -x(4,4,4) -x(5,4,1)
c [k4-k4] -x(4,4,4) -x(5,4,4)
c [k4-k6] -x(4,4,4) -x(4,3,6)
c [k4-k3] -x(4,4,4) -x(4,3,3)
c [k4-k4] -x(4,4,4) -x(4,3,4)
c [k1-k6] -x(4,5,1) -x(5,5,6)
c [k1-k4] -x(4,5,1) -x(5,5,4)
c [k1-k1] -x(4,5,1) -x(5,5,1)
c [k1-k6] -x(4,5,1) -x(4,6,6)
c [k1-k1] -x(4,5,1) -x(4,6,1)
c [k1-k2] -x(4,5,1) -x(4,6,2)
c [k2-k6] -x(4,5,2) -x(3,5,6)
c [k2-k2] -x(4,5,2) -x(3,5,2)
c [k2-k3] -x(4,5,2) -x(3,5,3)
c [k2-k6] -x(4,5,2) -x(4,6,6)
c [k2-k1] -x(4,5,2) -x(4,6,1)
c [k2-k2] -x(4,5,2) -x(4,6,2)
c [k3-k6] -x(4,5,3) -x(3,5,6)
c [k3-k2] -x(4,5,3) -x(3,5,2)
c [k3-k3] -x(4,5,3) -x(3,5,3)
c [k3-k6] -x(4,5,3) -x(4,4,6)
c [k3-k4] -x(4,5,3) -x(4,4,4)
c [k3-k3] -x(4,5,3) -x(4,4,3)
c [k4-k6] -x(4,5,4) -x(5,5,6)
c [k4-k1] -x(4,5,4) -x(5,5,1)
c [k4-k4] -x(4,5,4) -x(5,5,4)
c [k4-k6] -x(4,5,4) -x(4,4,6)
c [k4-k3] -x(4,5,4) -x(4,4,3)
c [k4-k4] -x(4,5,4) -x(4,4,4)
c [k1-k6] -x(4,6,1) -x(5,6,6)
c [k1-k4] -x(4,6,1) -x(5,6,4)
c [k1-k1] -x(4,6,1) -x(5,6,1)
c [k1-k6] -x(4,6,1) -x(4,7,6)
c [k1-k1] -x(4,6,1) -x(4,7,1)
c [k1-k2] -x(4,6,1) -x(4,7,2)
c [k2-k6] -x(4,6,2) -x(3,6,6)
c [k2-k2] -x(4,6,2) -x(3,6,2)
c [k2-k3] -x(4,6,2) -x(3,6,3)
c [k2-k6] -x(4,6,2) -x(4,7,6)
c [k2-k1] -x(4,6,2) -x(4,7,1)
c [k2-k2] -x(4,6,2) -x(4,7,2)
c [k3-k6] -x(4,6,3) -x(3,6,6)
c [k3-k2] -x(4,6,3) -x(3,6,2)
c [k3-k3] -x(4,6,3) -x(3,6,3)
c [k3-k6] -x(4,6,3) -x(4,5,6)
c [k3-k4] -x(4,6,3) -x(4,5,4)
c [k3-k3] -x(4,6,3) -x(4,5,3)
c [k4-k6] -x(4,6,4) -x(5,6,6)
c [k4-k1] -x(4,6,4) -x(5,6,1)
c [k4-k4] -x(4,6,4) -x(5,6,4)
c [k4-k6] -x(4,6,4) -x(4,5,6)
c [k4-k3] -x(4,6,4) -x(4,5,3)
c [k4-k4] -x(4,6,4) -x(4,5,4)
c [k1-k6] -x(4,7,1) -x(5,7,6)
c [k1-k4] -x(4,7,1) -x(5,7,4)
c [k1-k1] -x(4,7,1) -x(5,7,1)
c [k1-k6] -x(4,7,1) -x(4,8,6)
c [k1-k1] -x(4,7,1) -x(4,8,1)
c [k1-k2] -x(4,7,1) -x(4,8,2)
c [k2-k6] -x(4,7,2) -x(3,7,6)
c [k2-k2] -x(4,7,2) -x(3,7,2)
c [k2-k3] -x(4,7,2) -x(3,7,3)
c [k2-k6] -x(4,7,2) -x(4,8,6)
c [k2-k1] -x(4,7,2) -x(4,8,1)
c [k2-k2] -x(4,7,2) -x(4,8,2)
c [k3-k6] -x(4,7,3) -x(3,7,6)
c [k3-k2] -x(4,7,3) -x(3,7,2)
c [k3-k3] -x(4,7,3) -x(3,7,3)
c [k3-k6] -x(4,7,3) -x(4,6,6)
c [k3-k4] -x(4,7,3) -x(4,6,4)
c [k3-k3] -x(4,7,3) -x(4,6,3)
c [k4-k6] -x(4,7,4) -x(5,7,6)
c [k4-k1] -x(4,7,4) -x(5,7,1)
c [k4-k4] -x(4,7,4) -x(5,7,4)
c [k4-k6] -x(4,7,4) -x(4,6,6)
c [k4-k3] -x(4,7,4) -x(4,6,3)
c [k4-k4] -x(4,7,4) -x(4,6,4)
c [k1-k6] -x(4,8,1) -x(5,8,6)
c [k1-k4] -x(4,8,1) -x(5,8,4)
c [k1-k1] -x(4,8,1) -x(5,8,1)
c [k2-k6] -x(4,8,2) -x(3,8,6)
c [k2-k2] -x(4,8,2) -x(3,8,2)
c [k2-k3] -x(4,8,2) -x(3,8,3)
c [k3-k6] -x(4,8,3) -x(3,8,6)
c [k3-k2] -x(4,8,3) -x(3,8,2)
c [k3-k3] -x(4,8,3) -x(3,8,3)
c [k3-k6] -x(4,8,3) -x(4,7,6)
c [k3-k4] -x(4,8,3) -x(4,7,4)
c [k3-k3] -x(4,8,3) -x(4,7,3)
c [k4-k6] -x(4,8,4) -x(5,8,6)
c [k4-k1] -x(4,8,4) -x(5,8,1)
c [k4-k4] -x(4,8,4) -x(5,8,4)
c [k4-k6] -x(4,8,4) -x(4,7,6)
c [k4-k3] -x(4,8,4) -x(4,7,3)
c [k4-k4] -x(4,8,4) -x(4,7,4)
c [k1-k6] -x(5,1,1) -x(6,1,6)
c [k1-k4] -x(5,1,1) -x(6,1,4)
c [k1-k1] -x(5,1,1) -x(6,1,1)
c [k1-k6] -x(5,1,1) -x(5,2,6)
c [k1-k1] -x(5,1,1) -x(5,2,1)
c [k1-k2] -x(5,1,1) -x(5,2,2)
c [k2-k6] -x(5,1,2) -x(4,1,6)
c [k2-k2] -x(5,1,2) -x(4,1,2)
c [k2-k3] -x(5,1,2) -x(4,1,3)
c [k2-k6] -x(5,1,2) -x(5,2,6)
c [k2-k1] -x(5,1,2) -x(5,2,1)
c [k2-k2] -x(5,1,2) -x(5,2,2)
c [k3-k6] -x(5,1,3) -x(4,1,6)
c [k3-k2] -x(5,1,3) -x(4,1,2)
c [k3-k3] -x(5,1,3) -x(4,1,3)
c [k4-k6] -x(5,1,4) -x(6,1,6)
c [k4-k1] -x(5,1,4) -x(6,1,1)
c [k4-k4] -x(5,1,4) -x(6,1,4)
c [k1-k6] -x(5,2,1) -x(6,2,6)
c [k1-k4] -x(5,2,1) -x(6,2,4)
c [k1-k1] -x(5,2,1) -x(6,2,1)
c [k1-k6] -x(5,2,1) -x(5,3,6)
c [k1-k1] -x(5,2,1) -x(5,3,1)
c [k1-k2] -x(5,2,1) -x(5,3,2)
c [k2-k6] -x(5,2,2) -x(4,2,6)
c [k2-k2] -x(5,2,2) -x(4,2,2)
c [k2-k3] -x(5,2,2) -x(4,2,3)
c [k2-k6] -x(5,2,2) -x(5,3,6)
c [k2-k1] -x(5,2,2) -x(5,3,1)
c [k2-k2] -x(5,2,2) -x(5,3,2)
c [k3-k6] -x(5,2,3) -x(4,2,6)
c [k3-k2] -x(5,2,3) -x(4,2,2)
c [k3-k3] -x(5,2,3) -x(4,2,3)
c [k3-k6] -x(5,2,3) -x(5,1,6)
c [k3-k4] -x(5,2,3) -x(5,1,4)
c [k3-k3] -x(5,2,3) -x(5,1,3)
c [k4-k6] -x(5,2,4) -x(6,2,6)
c [k4-k1] -x(5,2,4) -x(6,2,1)
c [k4-k4] -x(5,2,4) -x(6,2,4)
c [k4-k6] -x(5,2,4) -x(5,1,6)
c [k4-k3] -x(5,2,4) -x(5,1,3)
c [k4-k4] -x(5,2,4) -x(5,1,4)
c [k1-k6] -x(5,3,1) -x(6,3,6)
c [k1-k4] -x(5,3,1) -x(6,3,4)
c [k1-k1] -x(5,3,1) -x(6,3,1)
c [k1-k6] -x(5,3,1) -x(5,4,6)
c [k1-k1] -x(5,3,1) -x(5,4,1)
c [k1-k2] -x(5,3,1) -x(5,4,2)
c [k2-k6] -x(5,3,2) -x(4,3,6)
c [k2-k2] -x(5,3,2) -x(4,3,2)
c [k2-k3] -x(5,3,2) -x(4,3,3)
c [k2-k6] -x(5,3,2) -x(5,4,6)
c [k2-k1] -x(5,3,2) -x(5,4,1)
c [k2-k2] -x(5,3,2) -x(5,4,2)
c [k3-k6] -x(5,3,3) -x(4,3,6)
c [k3-k2] -x(5,3,3) -x(4,3,2)
c [k3-k3] -x(5,3,3) -x(4,3,3)
c [k3-k6] -x(5,3,3) -x(5,2,6)
c [k3-k4] -x(5,3,3) -x(5,2,4)
c [k3-k3] -x(5,3,3) -x(5,2,3)
c [k4-k6] -x(5,3,4) -x(6,3,6)
c [k4-k1] -x(5,3,4) -x(6,3,1)
c [k4-k4] -x(5,3,4) -x(6,3,4)
c [k4-k6] -x(5,3,4) -x(5,2,6)
c [k4-k3] -x(5,3,4) -x(5,2,3)
c [k4-k4] -x(5,3,4) -x(5,2,4)
c [k1-k6] -x(5,4,1) -x(6,4,6)
c [k1-k4] -x(5,4,1) -x(6,4,4)
c [k1-k1] -x(5,4,1) -x(6,4,1)
c [k1-k6] -x(5,4,1) -x(5,5,6)
c [k1-k1] -x(5,4,1) -x(5,5,1)
c [k1-k2] -x(5,4,1) -x(5,5,2)
c [k2-k6] -x(5,4,2) -x(4,4,6)
c [k2-k2] -x(5,4,2) -x(4,4,2)
c [k2-k3] -x(5,4,2) -x(4,4,3)
c [k2-k6] -x(5,4,2) -x(5,5,6)
c [k2-k1] -x(5,4,2) -x(5,5,1)
c [k2-k2] -x(5,4,2) -x(5,5,2)
c [k3-k6] -x(5,4,3) -x(4,4,6)
c [k3-k2] -x(5,4,3) -x(4,4,2)
c [k3-k3] -x(5,4,3) -x(4,4,3)
c [k3-k6] -x(5,4,3) -x(5,3,6)
c [k3-k4] -x(5,4,3) -x(5,3,4)
c [k3-k3] -x(5,4,3) -x(5,3,3)
c [k4-k6] -x(5,4,4) -x(6,4,6)
c [k4-k1] -x(5,4,4) -x(6,4,1)
c [k4-k4] -x(5,4,4) -x(6,4,4)
c [k4-k6] -x(5,4,4) -x(5,3,6)
c [k4-k3] -x(5,4,4) -x(5,3,3)
c [k4-k4] -x(5,4,4) -x(5,3,4)
c [k1-k6] -x(5,5,1) -x(6,5,6)
c [k1-k4] -x(5,5,1) -x(6,5,4)
c [k1-k1] -x(5,5,1) -x(6,5,1)
c [k1-k6] -x(5,5,1) -x(5,6,6)
c [k1-k1] -x(5,5,1) -x(5,6,1)
c [k1-k2] -x(5,5,1) -x(5,6,2)
c [k2-k6] -x(5,5,2) -x(4,5,6)
c [k2-k2] -x(5,5,2) -x(4,5,2)
c [k2-k3] -x(5,5,2) -x(4,5,3)
c [k2-k6] -x(5,5,2) -x(5,6,6)
c [k2-k1] -x(5,5,2) -x(5,6,1)
c [k2-k2] -x(5,5,2) -x(5,6,2)
c [k3-k6] -x(5,5,3) -x(4,5,6)
c [k3-k2] -x(5,5,3) -x(4,5,2)
c [k3-k3] -x(5,5,3) -x(4,5,3)
c [k3-k6] -x(5,5,3) -x(5,4,6)
c [k3-k4] -x(5,5,3) -x(5,4,4)
c [k3-k3] -x(5,5,3) -x(5,4,3)
c [k4-k6] -x(5,5,4) -x(6,5,6)
c [k4-k1] -x(5,5,4) -x(6,5,1)
c [k4-k4] -x(5,5,4) -x(6,5,4)
c [k4-k6] -x(5,5,4) -x(5,4,6)
c [k4-k3] -x(5,5,4) -x(5,4,3)
c [k4-k4] -x(5,5,4) -x(5,4,4)
c [k1-k6] -x(5,6,1) -x(6,6,6)
c [k1-k4] -x(5,6,1) -x(6,6,4)
c [k1-k1] -x(5,6,1) -x(6,6,1)
c [k1-k6] -x(5,6,1) -x(5,7,6)
c [k1-k1] -x(5,6,1) -x(5,7,1)
c [k1-k2] -x(5,6,1) -x(5,7,2)
c [k2-k6] -x(5,6,2) -x(4,6,6)
c [k2-k2] -x(5,6,2) -x(4,6,2)
c [k2-k3] -x(5,6,2) -x(4,6,3)
c [k2-k6] -x(5,6,2) -x(5,7,6)
c [k2-k1] -x(5,6,2) -x(5,7,1)
c [k2-k2] -x(5,6,2) -x(5,7,2)
c [k3-k6] -x(5,6,3) -x(4,6,6)
c [k3-k2] -x(5,6,3) -x(4,6,2)
c [k3-k3] -x(5,6,3) -x(4,6,3)
c [k3-k6] -x(5,6,3) -x(5,5,6)
c [k3-k4] -x(5,6,3) -x(5,5,4)
c [k3-k3] -x(5,6,3) -x(5,5,3)
c [k4-k6] -x(5,6,4) -x(6,6,6)
c [k4-k1] -x(5,6,4) -x(6,6,1)
c [k4-k4] -x(5,6,4) -x(6,6,4)
c [k4-k6] -x(5,6,4) -x(5,5,6)
c [k4-k3] -x(5,6,4) -x(5,5,3)
c [k4-k4] -x(5,6,4) -x(5,5,4)
c [k1-k6] -x(5,7,1) -x(6,7,6)
c [k1-k4] -x(5,7,1) -x(6,7,4)
c [k1-k1] -x(5,7,1) -x(6,7,1)
c [k1-k6] -x(5,7,1) -x(5,8,6)
c [k1-k1] -x(5,7,1) -x(5,8,1)
c [k1-k2] -x(5,7,1) -x(5,8,2)
c [k2-k6] -x(5,7,2) -x(4,7,6)
c [k2-k2] -x(5,7,2) -x(4,7,2)
c [k2-k3] -x(5,7,2) -x(4,7,3)
c [k2-k6] -x(5,7,2) -x(5,8,6)
c [k2-k1] -x(5,7,2) -x(5,8,1)
c [k2-k2] -x(5,7,2) -x(5,8,2)
c [k3-k6] -x(5,7,3) -x(4,7,6)
c [k3-k2] -x(5,7,3) -x(4,7,2)
c [k3-k3] -x(5,7,3) -x(4,7,3)
c [k3-k6] -x(5,7,3) -x(5,6,6)
c [k3-k4] -x(5,7,3) -x(5,6,4)
c [k3-k3] -x(5,7,3) -x(5,6,3)
c [k4-k6] -x(5,7,4) -x(6,7,6)
c [k4-k1] -x(5,7,4) -x(6,7,1)
c [k4-k4] -x(5,7,4) -x(6,7,4)
c [k4-k6] -x(5,7,4) -x(5,6,6)
c [k4-k3] -x(5,7,4) -x(5,6,3)
c [k4-k4] -x(5,7,4) -x(5,6,4)
c [k1-k6] -x(5,8,1) -x(6,8,6)
c [k1-k4] -x(5,8,1) -x(6,8,4)
c [k1-k1] -x(5,8,1) -x(6,8,1)
c [k2-k6] -x(5,8,2) -x(4,8,6)
c [k2-k2] -x(5,8,2) -x(4,8,2)
c [k2-k3] -x(5,8,2) -x(4,8,3)
c [k3-k6] -x(5,8,3) -x(4,8,6)
c [k3-k2] -x(5,8,3) -x(4,8,2)
c [k3-k3] -x(5,8,3) -x(4,8,3)
c [k3-k6] -x(5,8,3) -x(5,7,6)
c [k3-k4] -x(5,8,3) -x(5,7,4)
c [k3-k3] -x(5,8,3) -x(5,7,3)
c [k4-k6] -x(5,8,4) -x(6,8,6)
c [k4-k1] -x(5,8,4) -x(6,8,1)
c [k4-k4] -x(5,8,4) -x(6,8,4)
c [k4-k6] -x(5,8,4) -x(5,7,6)
c [k4-k3] -x(5,8,4) -x(5,7,3)
c [k4-k4] -x(5,8,4) -x(5,7,4)
c [k1-k6] -x(6,1,1) -x(7,1,6)
c [k1-k4] -x(6,1,1) -x(7,1,4)
c [k1-k1] -x(6,1,1) -x(7,1,1)
c [k1-k6] -x(6,1,1) -x(6,2,6)
c [k1-k1] -x(6,1,1) -x(6,2,1)
c [k1-k2] -x(6,1,1) -x(6,2,2)
c [k2-k6] -x(6,1,2) -x(5,1,6)
c [k2-k2] -x(6,1,2) -x(5,1,2)
c [k2-k3] -x(6,1,2) -x(5,1,3)
c [k2-k6] -x(6,1,2) -x(6,2,6)
c [k2-k1] -x(6,1,2) -x(6,2,1)
c [k2-k2] -x(6,1,2) -x(6,2,2)
c [k3-k6] -x(6,1,3) -x(5,1,6)
c [k3-k2] -x(6,1,3) -x(5,1,2)
c [k3-k3] -x(6,1,3) -x(5,1,3)
c [k4-k6] -x(6,1,4) -x(7,1,6)
c [k4-k1] -x(6,1,4) -x(7,1,1)
c [k4-k4] -x(6,1,4) -x(7,1,4)
c [k1-k6] -x(6,2,1) -x(7,2,6)
c [k1-k4] -x(6,2,1) -x(7,2,4)
c [k1-k1] -x(6,2,1) -x(7,2,1)
c [k1-k6] -x(6,2,1) -x(6,3,6)
c [k1-k1] -x(6,2,1) -x(6,3,1)
c [k1-k2] -x(6,2,1) -x(6,3,2)
c [k2-k6] -x(6,2,2) -x(5,2,6)
c [k2-k2] -x(6,2,2) -x(5,2,2)
c [k2-k3] -x(6,2,2) -x(5,2,3)
c [k2-k6] -x(6,2,2) -x(6,3,6)
c [k2-k1] -x(6,2,2) -x(6,3,1)
c [k2-k2] -x(6,2,2) -x(6,3,2)
c [k3-k6] -x(6,2,3) -x(5,2,6)
c [k3-k2] -x(6,2,3) -x(5,2,2)
c [k3-k3] -x(6,2,3) -x(5,2,3)
c [k3-k6] -x(6,2,3) -x(6,1,6)
c [k3-k4] -x(6,2,3) -x(6,1,4)
c [k3-k3] -x(6,2,3) -x(6,1,3)
c [k4-k6] -x(6,2,4) -x(7,2,6)
c [k4-k1] -x(6,2,4) -x(7,2,1)
c [k4-k4] -x(6,2,4) -x(7,2,4)
c [k4-k6] -x(6,2,4) -x(6,1,6)
c [k4-k3] -x(6,2,4) -x(6,1,3)
c [k4-k4] -x(6,2,4) -x(6,1,4)
c [k1-k6] -x(6,3,1) -x(7,3,6)
c [k1-k4] -x(6,3,1) -x(7,3,4)
c [k1-k1] -x(6,3,1) -x(7,3,1)
c [k1-k6] -x(6,3,1) -x(6,4,6)
c [k1-k1] -x(6,3,1) -x(6,4,1)
c [k1-k2] -x(6,3,1) -x(6,4,2)
c [k2-k6] -x(6,3,2) -x(5,3,6)
c [k2-k2] -x(6,3,2) -x(5,3,2)
c [k2-k3] -x(6,3,2) -x(5,3,3)
c [k2-k6] -x(6,3,2) -x(6,4,6)
c [k2-k1] -x(6,3,2) -x(6,4,1)
c [k2-k2] -x(6,3,2) -x(6,4,2)
c [k3-k6] -x(6,3,3) -x(5,3,6)
c [k3-k2] -x(6,3,3) -x(5,3,2)
c [k3-k3] -x(6,3,3) -x(5,3,3)
c [k3-k6] -x(6,3,3) -x(6,2,6)
c [k3-k4] -x(6,3,3) -x(6,2,4)
c [k3-k3] -x(6,3,3) -x(6,2,3)
c [k4-k6] -x(6,3,4) -x(7,3,6)
c [k4-k1] -x(6,3,4) -x(7,3,1)
c [k4-k4] -x(6,3,4) -x(7,3,4)
c [k4-k6] -x(6,3,4) -x(6,2,6)
c [k4-k3] -x(6,3,4) -x(6,2,3)
c [k4-k4] -x(6,3,4) -x(6,2,4)
c [k1-k6] -x(6,4,1) -x(7,4,6)
c [k1-k4] -x(6,4,1) -x(7,4,4)
c [k1-k1] -x(6,4,1) -x(7,4,1)
c [k1-k6] -x(6,4,1) -x(6,5,6)
c [k1-k1] -x(6,4,1) -x(6,5,1)
c [k1-k2] -x(6,4,1) -x(6,5,2)
c [k2-k6] -x(6,4,2) -x(5,4,6)
c [k2-k2] -x(6,4,2) -x(5,4,2)
c [k2-k3] -x(6,4,2) -x(5,4,3)
c [k2-k6] -x(6,4,2) -x(6,5,6)
c [k2-k1] -x(6,4,2) -x(6,5,1)
c [k2-k2] -x(6,4,2) -x(6,5,2)
c [k3-k6] -x(6,4,3) -x(5,4,6)
c [k3-k2] -x(6,4,3) -x(5,4,2)
c [k3-k3] -x(6,4,3) -x(5,4,3)
c [k3-k6] -x(6,4,3) -x(6,3,6)
c [k3-k4] -x(6,4,3) -x(6,3,4)
c [k3-k3] -x(6,4,3) -x(6,3,3)
c [k4-k6] -x(6,4,4) -x(7,4,6)
c [k4-k1] -x(6,4,4) -x(7,4,1)
c [k4-k4] -x(6,4,4) -x(7,4,4)
c [k4-k6] -x(6,4,4) -x(6,3,6)
c [k4-k3] -x(6,4,4) -x(6,3,3)
c [k4-k4] -x(6,4,4) -x(6,3,4)
c [k1-k6] -x(6,5,1) -x(7,5,6)
c [k1-k4] -x(6,5,1) -x(7,5,4)
c [k1-k1] -x(6,5,1) -x(7,5,1)
c [k1-k6] -x(6,5,1) -x(6,6,6)
c [k1-k1] -x(6,5,1) -x(6,6,1)
c [k1-k2] -x(6,5,1) -x(6,6,2)
c [k2-k6] -x(6,5,2) -x(5,5,6)
c [k2-k2] -x(6,5,2) -x(5,5,2)
c [k2-k3] -x(6,5,2) -x(5,5,3)
c [k2-k6] -x(6,5,2) -x(6,6,6)
c [k2-k1] -x(6,5,2) -x(6,6,1)
c [k2-k2] -x(6,5,2) -x(6,6,2)
c [k3-k6] -x(6,5,3) -x(5,5,6)
c [k3-k2] -x(6,5,3) -x(5,5,2)
c [k3-k3] -x(6,5,3) -x(5,5,3)
c [k3-k6] -x(6,5,3) -x(6,4,6)
c [k3-k4] -x(6,5,3) -x(6,4,4)
c [k3-k3] -x(6,5,3) -x(6,4,3)
c [k4-k6] -x(6,5,4) -x(7,5,6)
c [k4-k1] -x(6,5,4) -x(7,5,1)
c [k4-k4] -x(6,5,4) -x(7,5,4)
c [k4-k6] -x(6,5,4) -x(6,4,6)
c [k4-k3] -x(6,5,4) -x(6,4,3)
c [k4-k4] -x(6,5,4) -x(6,4,4)
c [k1-k6] -x(6,6,1) -x(7,6,6)
c [k1-k4] -x(6,6,1) -x(7,6,4)
c [k1-k1] -x(6,6,1) -x(7,6,1)
c [k1-k6] -x(6,6,1) -x(6,7,6)
c [k1-k1] -x(6,6,1) -x(6,7,1)
c [k1-k2] -x(6,6,1) -x(6,7,2)
c [k2-k6] -x(6,6,2) -x(5,6,6)
c [k2-k2] -x(6,6,2) -x(5,6,2)
c [k2-k3] -x(6,6,2) -x(5,6,3)
c [k2-k6] -x(6,6,2) -x(6,7,6)
c [k2-k1] -x(6,6,2) -x(6,7,1)
c [k2-k2] -x(6,6,2) -x(6,7,2)
c [k3-k6] -x(6,6,3) -x(5,6,6)
c [k3-k2] -x(6,6,3) -x(5,6,2)
c [k3-k3] -x(6,6,3) -x(5,6,3)
c [k3-k6] -x(6,6,3) -x(6,5,6)
c [k3-k4] -x(6,6,3) -x(6,5,4)
c [k3-k3] -x(6,6,3) -x(6,5,3)
c [k4-k6] -x(6,6,4) -x(7,6,6)
c [k4-k1] -x(6,6,4) -x(7,6,1)
c [k4-k4] -x(6,6,4) -x(7,6,4)
c [k4-k6] -x(6,6,4) -x(6,5,6)
c [k4-k3] -x(6,6,4) -x(6,5,3)
c [k4-k4] -x(6,6,4) -x(6,5,4)
c [k1-k6] -x(6,7,1) -x(7,7,6)
c [k1-k4] -x(6,7,1) -x(7,7,4)
c [k1-k1] -x(6,7,1) -x(7,7,1)
c [k1-k6] -x(6,7,1) -x(6,8,6)
c [k1-k1] -x(6,7,1) -x(6,8,1)
c [k1-k2] -x(6,7,1) -x(6,8,2)
c [k2-k6] -x(6,7,2) -x(5,7,6)
c [k2-k2] -x(6,7,2) -x(5,7,2)
c [k2-k3] -x(6,7,2) -x(5,7,3)
c [k2-k6] -x(6,7,2) -x(6,8,6)
c [k2-k1] -x(6,7,2) -x(6,8,1)
c [k2-k2] -x(6,7,2) -x(6,8,2)
c [k3-k6] -x(6,7,3) -x(5,7,6)
c [k3-k2] -x(6,7,3) -x(5,7,2)
c [k3-k3] -x(6,7,3) -x(5,7,3)
c [k3-k6] -x(6,7,3) -x(6,6,6)
c [k3-k4] -x(6,7,3) -x(6,6,4)
c [k3-k3] -x(6,7,3) -x(6,6,3)
c [k4-k6] -x(6,7,4) -x(7,7,6)
c [k4-k1] -x(6,7,4) -x(7,7,1)
c [k4-k4] -x(6,7,4) -x(7,7,4)
c [k4-k6] -x(6,7,4) -x(6,6,6)
c [k4-k3] -x(6,7,4) -x(6,6,3)
c [k4-k4] -x(6,7,4) -x(6,6,4)
c [k1-k6] -x(6,8,1) -x(7,8,6)
c [k1-k4] -x(6,8,1) -x(7,8,4)
c [k1-k1] -x(6,8,1) -x(7,8,1)
c [k2-k6] -x(6,8,2) -x(5,8,6)
c [k2-k2] -x(6,8,2) -x(5,8,2)
c [k2-k3] -x(6,8,2) -x(5,8,3)
c [k3-k6] -x(6,8,3) -x(5,8,6)
c [k3-k2] -x(6,8,3) -x(5,8,2)
c [k3-k3] -x(6,8,3) -x(5,8,3)
c [k3-k6] -x(6,8,3) -x(6,7,6)
c [k3-k4] -x(6,8,3) -x(6,7,4)
c [k3-k3] -x(6,8,3) -x(6,7,3)
c [k4-k6] -x(6,8,4) -x(7,8,6)
c [k4-k1] -x(6,8,4) -x(7,8,1)
c [k4-k4] -x(6,8,4) -x(7,8,4)
c [k4-k6] -x(6,8,4) -x(6,7,6)
c [k4-k3] -x(6,8,4) -x(6,7,3)
c [k4-k4] -x(6,8,4) -x(6,7,4)
c [k1-k6] -x(7,1,1) -x(8,1,6)
c [k1-k4] -x(7,1,1) -x(8,1,4)
c [k1-k1] -x(7,1,1) -x(8,1,1)
c [k1-k6] -x(7,1,1) -x(7,2,6)
c [k1-k1] -x(7,1,1) -x(7,2,1)
c [k1-k2] -x(7,1,1) -x(7,2,2)
c [k2-k6] -x(7,1,2) -x(6,1,6)
c [k2-k2] -x(7,1,2) -x(6,1,2)
c [k2-k3] -x(7,1,2) -x(6,1,3)
c [k2-k6] -x(7,1,2) -x(7,2,6)
c [k2-k1] -x(7,1,2) -x(7,2,1)
c [k2-k2] -x(7,1,2) -x(7,2,2)
c [k3-k6] -x(7,1,3) -x(6,1,6)
c [k3-k2] -x(7,1,3) -x(6,1,2)
c [k3-k3] -x(7,1,3) -x(6,1,3)
c [k4-k6] -x(7,1,4) -x(8,1,6)
c [k4-k1] -x(7,1,4) -x(8,1,1)
c [k4-k4] -x(7,1,4) -x(8,1,4)
c [k1-k6] -x(7,2,1) -x(8,2,6)
c [k1-k4] -x(7,2,1) -x(8,2,4)
c [k1-k1] -x(7,2,1) -x(8,2,1)
c [k1-k6] -x(7,2,1) -x(7,3,6)
c [k1-k1] -x(7,2,1) -x(7,3,1)
c [k1-k2] -x(7,2,1) -x(7,3,2)
c [k2-k6] -x(7,2,2) -x(6,2,6)
c [k2-k2] -x(7,2,2) -x(6,2,2)
c [k2-k3] -x(7,2,2) -x(6,2,3)
c [k2-k6] -x(7,2,2) -x(7,3,6)
c [k2-k1] -x(7,2,2) -x(7,3,1)
c [k2-k2] -x(7,2,2) -x(7,3,2)
c [k3-k6] -x(7,2,3) -x(6,2,6)
c [k3-k2] -x(7,2,3) -x(6,2,2)
c [k3-k3] -x(7,2,3) -x(6,2,3)
c [k3-k6] -x(7,2,3) -x(7,1,6)
c [k3-k4] -x(7,2,3) -x(7,1,4)
c [k3-k3] -x(7,2,3) -x(7,1,3)
c [k4-k6] -x(7,2,4) -x(8,2,6)
c [k4-k1] -x(7,2,4) -x(8,2,1)
c [k4-k4] -x(7,2,4) -x(8,2,4)
c [k4-k6] -x(7,2,4) -x(7,1,6)
c [k4-k3] -x(7,2,4) -x(7,1,3)
c [k4-k4] -x(7,2,4) -x(7,1,4)
c [k1-k6] -x(7,3,1) -x(8,3,6)
c [k1-k4] -x(7,3,1) -x(8,3,4)
c [k1-k1] -x(7,3,1) -x(8,3,1)
c [k1-k6] -x(7,3,1) -x(7,4,6)
c [k1-k1] -x(7,3,1) -x(7,4,1)
c [k1-k2] -x(7,3,1) -x(7,4,2)
c [k2-k6] -x(7,3,2) -x(6,3,6)
c [k2-k2] -x(7,3,2) -x(6,3,2)
c [k2-k3] -x(7,3,2) -x(6,3,3)
c [k2-k6] -x(7,3,2) -x(7,4,6)
c [k2-k1] -x(7,3,2) -x(7,4,1)
c [k2-k2] -x(7,3,2) -x(7,4,2)
c [k3-k6] -x(7,3,3) -x(6,3,6)
c [k3-k2] -x(7,3,3) -x(6,3,2)
c [k3-k3] -x(7,3,3) -x(6,3,3)
c [k3-k6] -x(7,3,3) -x(7,2,6)
c [k3-k4] -x(7,3,3) -x(7,2,4)
c [k3-k3] -x(7,3,3) -x(7,2,3)
c [k4-k6] -x(7,3,4) -x(8,3,6)
c [k4-k1] -x(7,3,4) -x(8,3,1)
c [k4-k4] -x(7,3,4) -x(8,3,4)
c [k4-k6] -x(7,3,4) -x(7,2,6)
c [k4-k3] -x(7,3,4) -x(7,2,3)
c [k4-k4] -x(7,3,4) -x(7,2,4)
c [k1-k6] -x(7,4,1) -x(8,4,6)
c [k1-k4] -x(7,4,1) -x(8,4,4)
c [k1-k1] -x(7,4,1) -x(8,4,1)
c [k1-k6] -x(7,4,1) -x(7,5,6)
c [k1-k1] -x(7,4,1) -x(7,5,1)
c [k1-k2] -x(7,4,1) -x(7,5,2)
c [k2-k6] -x(7,4,2) -x(6,4,6)
c [k2-k2] -x(7,4,2) -x(6,4,2)
c [k2-k3] -x(7,4,2) -x(6,4,3)
c [k2-k6] -x(7,4,2) -x(7,5,6)
c [k2-k1] -x(7,4,2) -x(7,5,1)
c [k2-k2] -x(7,4,2) -x(7,5,2)
c [k3-k6] -x(7,4,3) -x(6,4,6)
c [k3-k2] -x(7,4,3) -x(6,4,2)
c [k3-k3] -x(7,4,3) -x(6,4,3)
c [k3-k6] -x(7,4,3) -x(7,3,6)
c [k3-k4] -x(7,4,3) -x(7,3,4)
c [k3-k3] -x(7,4,3) -x(7,3,3)
c [k4-k6] -x(7,4,4) -x(8,4,6)
c [k4-k1] -x(7,4,4) -x(8,4,1)
c [k4-k4] -x(7,4,4) -x(8,4,4)
c [k4-k6] -x(7,4,4) -x(7,3,6)
c [k4-k3] -x(7,4,4) -x(7,3,3)
c [k4-k4] -x(7,4,4) -x(7,3,4)
c [k1-k6] -x(7,5,1) -x(8,5,6)
c [k1-k4] -x(7,5,1) -x(8,5,4)
c [k1-k1] -x(7,5,1) -x(8,5,1)
c [k1-k6] -x(7,5,1) -x(7,6,6)
c [k1-k1] -x(7,5,1) -x(7,6,1)
c [k1-k2] -x(7,5,1) -x(7,6,2)
c [k2-k6] -x(7,5,2) -x(6,5,6)
c [k2-k2] -x(7,5,2) -x(6,5,2)
c [k2-k3] -x(7,5,2) -x(6,5,3)
c [k2-k6] -x(7,5,2) -x(7,6,6)
c [k2-k1] -x(7,5,2) -x(7,6,1)
c [k2-k2] -x(7,5,2) -x(7,6,2)
c [k3-k6] -x(7,5,3) -x(6,5,6)
c [k3-k2] -x(7,5,3) -x(6,5,2)
c [k3-k3] -x(7,5,3) -x(6,5,3)
c [k3-k6] -x(7,5,3) -x(7,4,6)
c [k3-k4] -x(7,5,3) -x(7,4,4)
c [k3-k3] -x(7,5,3) -x(7,4,3)
c [k4-k6] -x(7,5,4) -x(8,5,6)
c [k4-k1] -x(7,5,4) -x(8,5,1)
c [k4-k4] -x(7,5,4) -x(8,5,4)
c [k4-k6] -x(7,5,4) -x(7,4,6)
c [k4-k3] -x(7,5,4) -x(7,4,3)
c [k4-k4] -x(7,5,4) -x(7,4,4)
c [k1-k6] -x(7,6,1) -x(8,6,6)
c [k1-k4] -x(7,6,1) -x(8,6,4)
c [k1-k1] -x(7,6,1) -x(8,6,1)
c [k1-k6] -x(7,6,1) -x(7,7,6)
c [k1-k1] -x(7,6,1) -x(7,7,1)
c [k1-k2] -x(7,6,1) -x(7,7,2)
c [k2-k6] -x(7,6,2) -x(6,6,6)
c [k2-k2] -x(7,6,2) -x(6,6,2)
c [k2-k3] -x(7,6,2) -x(6,6,3)
c [k2-k6] -x(7,6,2) -x(7,7,6)
c [k2-k1] -x(7,6,2) -x(7,7,1)
c [k2-k2] -x(7,6,2) -x(7,7,2)
c [k3-k6] -x(7,6,3) -x(6,6,6)
c [k3-k2] -x(7,6,3) -x(6,6,2)
c [k3-k3] -x(7,6,3) -x(6,6,3)
c [k3-k6] -x(7,6,3) -x(7,5,6)
c [k3-k4] -x(7,6,3) -x(7,5,4)
c [k3-k3] -x(7,6,3) -x(7,5,3)
c [k4-k6] -x(7,6,4) -x(8,6,6)
c [k4-k1] -x(7,6,4) -x(8,6,1)
c [k4-k4] -x(7,6,4) -x(8,6,4)
c [k4-k6] -x(7,6,4) -x(7,5,6)
c [k4-k3] -x(7,6,4) -x(7,5,3)
c [k4-k4] -x(7,6,4) -x(7,5,4)
c [k1-k6] -x(7,7,1) -x(8,7,6)
c [k1-k4] -x(7,7,1) -x(8,7,4)
c [k1-k1] -x(7,7,1) -x(8,7,1)
c [k1-k6] -x(7,7,1) -x(7,8,6)
c [k1-k1] -x(7,7,1) -x(7,8,1)
c [k1-k2] -x(7,7,1) -x(7,8,2)
c [k2-k6] -x(7,7,2) -x(6,7,6)
c [k2-k2] -x(7,7,2) -x(6,7,2)
c [k2-k3] -x(7,7,2) -x(6,7,3)
c [k2-k6] -x(7,7,2) -x(7,8,6)
c [k2-k1] -x(7,7,2) -x(7,8,1)
c [k2-k2] -x(7,7,2) -x(7,8,2)
c [k3-k6] -x(7,7,3) -x(6,7,6)
c [k3-k2] -x(7,7,3) -x(6,7,2)
c [k3-k3] -x(7,7,3) -x(6,7,3)
c [k3-k6] -x(7,7,3) -x(7,6,6)
c [k3-k4] -x(7,7,3) -x(7,6,4)
c [k3-k3] -x(7,7,3) -x(7,6,3)
c [k4-k6] -x(7,7,4) -x(8,7,6)
c [k4-k1] -x(7,7,4) -x(8,7,1)
c [k4-k4] -x(7,7,4) -x(8,7,4)
c [k4-k6] -x(7,7,4) -x(7,6,6)
c [k4-k3] -x(7,7,4) -x(7,6,3)
c [k4-k4] -x(7,7,4) -x(7,6,4)
c [k1-k6] -x(7,8,1) -x(8,8,6)
c [k1-k4] -x(7,8,1) -x(8,8,4)
c [k1-k1] -x(7,8,1) -x(8,8,1)
c [k2-k6] -x(7,8,2) -x(6,8,6)
c [k2-k2] -x(7,8,2) -x(6,8,2)
c [k2-k3] -x(7,8,2) -x(6,8,3)
c [k3-k6] -x(7,8,3) -x(6,8,6)
c [k3-k2] -x(7,8,3) -x(6,8,2)
c [k3-k3] -x(7,8,3) -x(6,8,3)
c [k3-k6] -x(7,8,3) -x(7,7,6)
c [k3-k4] -x(7,8,3) -x(7,7,4)
c [k3-k3] -x(7,8,3) -x(7,7,3)
c [k4-k6] -x(7,8,4) -x(8,8,6)
c [k4-k1] -x(7,8,4) -x(8,8,1)
c [k4-k4] -x(7,8,4) -x(8,8,4)
c [k4-k6] -x(7,8,4) -x(7,7,6)
c [k4-k3] -x(7,8,4) -x(7,7,3)
c [k4-k4] -x(7,8,4) -x(7,7,4)
c [k1-k6] -x(8,1,1) -x(8,2,6)
c [k1-k1] -x(8,1,1) -x(8,2,1)
c [k1-k2] -x(8,1,1) -x(8,2,2)
c [k2-k6] -x(8,1,2) -x(7,1,6)
c [k2-k2] -x(8,1,2) -x(7,1,2)
c [k2-k3] -x(8,1,2) -x(7,1,3)
c [k2-k6] -x(8,1,2) -x(8,2,6)
c [k2-k1] -x(8,1,2) -x(8,2,1)
c [k2-k2] -x(8,1,2) -x(8,2,2)
c [k3-k6] -x(8,1,3) -x(7,1,6)
c [k3-k2] -x(8,1,3) -x(7,1,2)
c [k3-k3] -x(8,1,3) -x(7,1,3)
c [k1-k6] -x(8,2,1) -x(8,3,6)
c [k1-k1] -x(8,2,1) -x(8,3,1)
c [k1-k2] -x(8,2,1) -x(8,3,2)
c [k2-k6] -x(8,2,2) -x(7,2,6)
c [k2-k2] -x(8,2,2) -x(7,2,2)
c [k2-k3] -x(8,2,2) -x(7,2,3)
c [k2-k6] -x(8,2,2) -x(8,3,6)
c [k2-k1] -x(8,2,2) -x(8,3,1)
c [k2-k2] -x(8,2,2) -x(8,3,2)
c [k3-k6] -x(8,2,3) -x(7,2,6)
c [k3-k2] -x(8,2,3) -x(7,2,2)
c [k3-k3] -x(8,2,3) -x(7,2,3)
c [k3-k6] -x(8,2,3) -x(8,1,6)
c [k3-k4] -x(8,2,3) -x(8,1,4)
c [k3-k3] -x(8,2,3) -x(8,1,3)
c [k4-k6] -x(8,2,4) -x(8,1,6)
c [k4-k3] -x(8,2,4) -x(8,1,3)
c [k4-k4] -x(8,2,4) -x(8,1,4)
c [k1-k6] -x(8,3,1) -x(8,4,6)
c [k1-k1] -x(8,3,1) -x(8,4,1)
c [k1-k2] -x(8,3,1) -x(8,4,2)
c [k2-k6] -x(8,3,2) -x(7,3,6)
c [k2-k2] -x(8,3,2) -x(7,3,2)
c [k2-k3] -x(8,3,2) -x(7,3,3)
c [k2-k6] -x(8,3,2) -x(8,4,6)
c [k2-k1] -x(8,3,2) -x(8,4,1)
c [k2-k2] -x(8,3,2) -x(8,4,2)
c [k3-k6] -x(8,3,3) -x(7,3,6)
c [k3-k2] -x(8,3,3) -x(7,3,2)
c [k3-k3] -x(8,3,3) -x(7,3,3)
c [k3-k6] -x(8,3,3) -x(8,2,6)
c [k3-k4] -x(8,3,3) -x(8,2,4)
c [k3-k3] -x(8,3,3) -x(8,2,3)
c [k4-k6] -x(8,3,4) -x(8,2,6)
c [k4-k3] -x(8,3,4) -x(8,2,3)
c [k4-k4] -x(8,3,4) -x(8,2,4)
c [k1-k6] -x(8,4,1) -x(8,5,6)
c [k1-k1] -x(8,4,1) -x(8,5,1)
c [k1-k2] -x(8,4,1) -x(8,5,2)
c [k2-k6] -x(8,4,2) -x(7,4,6)
c [k2-k2] -x(8,4,2) -x(7,4,2)
c [k2-k3] -x(8,4,2) -x(7,4,3)
c [k2-k6] -x(8,4,2) -x(8,5,6)
c [k2-k1] -x(8,4,2) -x(8,5,1)
c [k2-k2] -x(8,4,2) -x(8,5,2)
c [k3-k6] -x(8,4,3) -x(7,4,6)
c [k3-k2] -x(8,4,3) -x(7,4,2)
c [k3-k3] -x(8,4,3) -x(7,4,3)
c [k3-k6] -x(8,4,3) -x(8,3,6)
c [k3-k4] -x(8,4,3) -x(8,3,4)
c [k3-k3] -x(8,4,3) -x(8,3,3)
c [k4-k6] -x(8,4,4) -x(8,3,6)
c [k4-k3] -x(8,4,4) -x(8,3,3)
c [k4-k4] -x(8,4,4) -x(8,3,4)
c [k1-k6] -x(8,5,1) -x(8,6,6)
c [k1-k1] -x(8,5,1) -x(8,6,1)
c [k1-k2] -x(8,5,1) -x(8,6,2)
c [k2-k6] -x(8,5,2) -x(7,5,6)
c [k2-k2] -x(8,5,2) -x(7,5,2)
c [k2-k3] -x(8,5,2) -x(7,5,3)
c [k2-k6] -x(8,5,2) -x(8,6,6)
c [k2-k1] -x(8,5,2) -x(8,6,1)
c [k2-k2] -x(8,5,2) -x(8,6,2)
c [k3-k6] -x(8,5,3) -x(7,5,6)
c [k3-k2] -x(8,5,3) -x(7,5,2)
c [k3-k3] -x(8,5,3) -x(7,5,3)
c [k3-k6] -x(8,5,3) -x(8,4,6)
c [k3-k4] -x(8,5,3) -x(8,4,4)
c [k3-k3] -x(8,5,3) -x(8,4,3)
c [k4-k6] -x(8,5,4) -x(8,4,6)
c [k4-k3] -x(8,5,4) -x(8,4,3)
c [k4-k4] -x(8,5,4) -x(8,4,4)
c [k1-k6] -x(8,6,1) -x(8,7,6)
c [k1-k1] -x(8,6,1) -x(8,7,1)
c [k1-k2] -x(8,6,1) -x(8,7,2)
c [k2-k6] -x(8,6,2) -x(7,6,6)
c [k2-k2] -x(8,6,2) -x(7,6,2)
c [k2-k3] -x(8,6,2) -x(7,6,3)
c [k2-k6] -x(8,6,2) -x(8,7,6)
c [k2-k1] -x(8,6,2) -x(8,7,1)
c [k2-k2] -x(8,6,2) -x(8,7,2)
c [k3-k6] -x(8,6,3) -x(7,6,6)
c [k3-k2] -x(8,6,3) -x(7,6,2)
c [k3-k3] -x(8,6,3) -x(7,6,3)
c [k3-k6] -x(8,6,3) -x(8,5,6)
c [k3-k4] -x(8,6,3) -x(8,5,4)
c [k3-k3] -x(8,6,3) -x(8,5,3)
c [k4-k6] -x(8,6,4) -x(8,5,6)
c [k4-k3] -x(8,6,4) -x(8,5,3)
c [k4-k4] -x(8,6,4) -x(8,5,4)
c [k1-k6] -x(8,7,1) -x(8,8,6)
c [k1-k1] -x(8,7,1) -x(8,8,1)
c [k1-k2] -x(8,7,1) -x(8,8,2)
c [k2-k6] -x(8,7,2) -x(7,7,6)
c [k2-k2] -x(8,7,2) -x(7,7,2)
c [k2-k3] -x(8,7,2) -x(7,7,3)
c [k2-k6] -x(8,7,2) -x(8,8,6)
c [k2-k1] -x(8,7,2) -x(8,8,1)
c [k2-k2] -x(8,7,2) -x(8,8,2)
c [k3-k6] -x(8,7,3) -x(7,7,6)
c [k3-k2] -x(8,7,3) -x(7,7,2)
c [k3-k3] -x(8,7,3) -x(7,7,3)
c [k3-k6] -x(8,7,3) -x(8,6,6)
c [k3-k4] -x(8,7,3) -x(8,6,4)
c [k3-k3] -x(8,7,3) -x(8,6,3)
c [k4-k6] -x(8,7,4) -x(8,6,6)
c [k4-k3] -x(8,7,4) -x(8,6,3)
c [k4-k4] -x(8,7,4) -x(8,6,4)
c [k2-k6] -x(8,8,2) -x(7,8,6)
c [k2-k2] -x(8,8,2) -x(7,8,2)
c [k2-k3] -x(8,8,2) -x(7,8,3)
c [k3-k6] -x(8,8,3) -x(7,8,6)
c [k3-k2] -x(8,8,3) -x(7,8,2)
c [k3-k3] -x(8,8,3) -x(7,8,3)
c [k3-k6] -x(8,8,3) -x(8,7,6)
c [k3-k4] -x(8,8,3) -x(8,7,4)
c [k3-k3] -x(8,8,3) -x(8,7,3)
c [k4-k6] -x(8,8,4) -x(8,7,6)
c [k4-k3] -x(8,8,4) -x(8,7,3)
c [k4-k4] -x(8,8,4) -x(8,7,4)
